\BOOKMARK [0][-]{chapter.1}{\376\377\000I\000s\000k\000a\000z\000n\000i\000\040\000r\000a\001\015\000u\000n}{}% 1
\BOOKMARK [1][-]{section.1.1}{\376\377\000I\000s\000k\000a\000z\000n\000e\000\040\000f\000o\000r\000m\000u\000l\000e}{chapter.1}% 2
\BOOKMARK [1][-]{section.1.2}{\376\377\000T\000a\000u\000t\000o\000l\000o\000g\000i\000j\000e}{chapter.1}% 3
\BOOKMARK [1][-]{section.1.3}{\376\377\000T\000a\000u\000t\000o\000l\000o\000g\000i\000j\000e\000\040\000k\000a\000o\000\040\000t\000r\000a\000n\000s\000f\000o\000r\000m\000a\000c\000i\000o\000n\000a\000\040\000p\000r\000a\000v\000i\000l\000a}{chapter.1}% 4
\BOOKMARK [1][-]{section.1.4}{\376\377\000T\000a\000u\000t\000o\000l\000o\000g\000i\000j\000e\000\040\000k\000a\000o\000\040\000"\000z\000a\000k\000o\000n\000i\000\040\000m\000i\001\141\000l\000j\000e\000n\000j\000a\000"\000?}{chapter.1}% 5
\BOOKMARK [1][-]{section.1.5}{\376\377\000I\000s\000k\000a\000z\000n\000e\000\040\000f\000o\000r\000m\000u\000l\000e\000\040\000u\000\040\000a\000n\000a\000l\000i\000z\000i\000\040\000p\000r\000o\000g\000r\000a\000m\000s\000k\000o\000g\000\040\000k\000o\000d\000a}{chapter.1}% 6
\BOOKMARK [1][-]{section.1.6}{\376\377\000Z\000a\000d\000a\000c\000i}{chapter.1}% 7
\BOOKMARK [0][-]{chapter.2}{\376\377\000K\000a\000k\000o\000\040\000r\000a\000d\000i\000\040\000h\000a\000r\000d\000v\000e\000r\000?}{}% 8
\BOOKMARK [1][-]{section.2.1}{\376\377\000P\000o\000z\000i\000c\000i\000o\000n\000i\000\040\000b\000r\000o\000j\000e\000v\000n\000i\000\040\000s\000i\000s\000t\000e\000m\000i}{chapter.2}% 9
\BOOKMARK [1][-]{section.2.2}{\376\377\000B\000u\000l\000o\000v\000e\000\040\000o\000p\000e\000r\000a\000c\000i\000j\000e}{chapter.2}% 10
\BOOKMARK [1][-]{section.2.3}{\376\377\000L\000o\000g\000i\001\015\000k\000e\000\040\000o\000p\000e\000r\000a\000c\000i\000j\000e\000\040\040\023\000\040\000o\000s\000n\000o\000v\000a\000\040\000h\000a\000r\000d\000v\000e\000r\000a}{chapter.2}% 11
\BOOKMARK [1][-]{section.2.4}{\376\377\000Z\000a\000d\000a\000c\000i}{chapter.2}% 12
\BOOKMARK [0][-]{chapter.3}{\376\377\000D\000o\000k\000a\000z\000i\000\040\000u\000\040\000m\000a\000t\000e\000m\000a\000t\000i\000c\000i}{}% 13
\BOOKMARK [1][-]{section.3.1}{\376\377\000D\000i\000r\000e\000k\000t\000n\000i\000\040\000d\000o\000k\000a\000z\000i}{chapter.3}% 14
\BOOKMARK [1][-]{section.3.2}{\376\377\000D\000o\000k\000a\000z\000i\000\040\000k\000o\000n\000t\000r\000a\000p\000o\000z\000i\000c\000i\000j\000o\000m}{chapter.3}% 15
\BOOKMARK [1][-]{section.3.3}{\376\377\000D\000o\000k\000a\000z\000i\000\040\000s\000v\000o\001\021\000e\000n\000j\000e\000m\000\040\000n\000a\000\040\000k\000o\000n\000t\000r\000a\000d\000i\000k\000c\000i\000j\000u}{chapter.3}% 16
\BOOKMARK [1][-]{section.3.4}{\376\377\000D\000o\000k\000a\000z\000i\000\040\000e\000k\000v\000i\000v\000a\000l\000e\000n\000t\000n\000i\000h\000\040\000t\000v\000r\001\021\000e\000n\000j\000a}{chapter.3}% 17
\BOOKMARK [1][-]{section.3.5}{\376\377\000I\000n\000t\000e\000r\000m\000e\000z\000z\000o\000:\000\040\000R\000S\000A\000\040\000k\000r\000i\000p\000t\000o\000s\000i\000s\000t\000e\000m}{chapter.3}% 18
\BOOKMARK [1][-]{section.3.6}{\376\377\000M\000a\000t\000e\000m\000a\000t\000i\001\015\000k\000a\000\040\000i\000n\000d\000u\000k\000c\000i\000j\000a}{chapter.3}% 19
\BOOKMARK [1][-]{section.3.7}{\376\377\000T\000o\000t\000a\000l\000n\000a\000\040\000i\000n\000d\000u\000k\000c\000i\000j\000a}{chapter.3}% 20
\BOOKMARK [1][-]{section.3.8}{\376\377\000M\000a\000t\000e\000m\000a\000t\000i\001\015\000k\000a\000\040\000i\000n\000d\000u\000k\000c\000i\000j\000a\000\040\000u\000\040\000a\000n\000a\000l\000i\000z\000i\000\040\000p\000r\000o\000g\000r\000a\000m\000s\000k\000o\000g\000\040\000k\000o\000d\000a}{chapter.3}% 21
\BOOKMARK [1][-]{section.3.9}{\376\377\000Z\000a\000d\000a\000c\000i}{chapter.3}% 22
\BOOKMARK [0][-]{chapter.4}{\376\377\000S\000k\000u\000p\000o\000v\000i}{}% 23
\BOOKMARK [1][-]{section.4.1}{\376\377\000J\000e\000d\000n\000a\000k\000o\000s\000t\000\040\000s\000k\000u\000p\000o\000v\000a\000,\000\040\000p\000o\000d\000s\000k\000u\000p\000\040\000s\000k\000u\000p\000a}{chapter.4}% 24
\BOOKMARK [1][-]{section.4.2}{\376\377\000O\000s\000n\000o\000v\000n\000e\000\040\000s\000k\000u\000p\000o\000v\000n\000e\000\040\000o\000p\000e\000r\000a\000c\000i\000j\000e}{chapter.4}% 25
\BOOKMARK [1][-]{section.4.3}{\376\377\000B\000r\000o\000j\000\040\000e\000l\000e\000m\000e\000n\000a\000t\000a\000\040\000s\000k\000u\000p\000a}{chapter.4}% 26
\BOOKMARK [1][-]{section.4.4}{\376\377\000D\000e\000k\000a\000r\000t\000o\000v\000\040\000p\000r\000o\000i\000z\000v\000o\000d\000\040\000s\000k\000u\000p\000o\000v\000a}{chapter.4}% 27
\BOOKMARK [1][-]{section.4.5}{\376\377\000P\000o\000j\000a\000m\000\040\000r\000e\000l\000a\000c\000i\000j\000e}{chapter.4}% 28
\BOOKMARK [1][-]{section.4.6}{\376\377\000P\000o\000j\000a\000m\000\040\000b\000i\000n\000a\000r\000n\000e\000\040\000r\000e\000l\000a\000c\000i\000j\000e}{chapter.4}% 29
\BOOKMARK [1][-]{section.4.7}{\376\377\000P\000a\000r\000t\000i\000t\000i\000v\000n\000i\000\040\000s\000k\000u\000p}{chapter.4}% 30
\BOOKMARK [1][-]{section.4.8}{\376\377\000R\000e\000p\000r\000e\000z\000e\000n\000t\000a\000c\000i\000j\000a\000\040\000m\000a\000l\000i\000h\000\040\000s\000k\000u\000p\000o\000v\000a\000\040\0000\0001\000-\000n\000i\000z\000o\000v\000i\000m\000a}{chapter.4}% 31
\BOOKMARK [1][-]{section.4.9}{\376\377\000Z\000a\000d\000a\000c\000i}{chapter.4}% 32
\BOOKMARK [0][-]{chapter.5}{\376\377\000P\000r\000e\000d\000i\000k\000a\000t\000s\000k\000i\000\040\000r\000a\001\015\000u\000n}{}% 33
\BOOKMARK [1][-]{section.5.1}{\376\377\000F\000o\000r\000m\000u\000l\000e\000\040\000p\000r\000e\000d\000i\000k\000a\000t\000s\000k\000o\000g\000\040\000r\000a\001\015\000u\000n\000a}{chapter.5}% 34
\BOOKMARK [1][-]{section.5.2}{\376\377\000I\000n\000t\000e\000r\000p\000r\000e\000t\000a\000c\000i\000j\000a\000\040\000p\000r\000e\000d\000i\000k\000a\000t\000s\000k\000e\000\040\000f\000o\000r\000m\000u\000l\000e}{chapter.5}% 35
\BOOKMARK [1][-]{section.5.3}{\376\377\000O\000b\000l\000a\000s\000t\000\040\000d\000e\000j\000s\000t\000v\000a\000\040\000k\000v\000a\000n\000t\000i\000f\000i\000k\000a\000t\000o\000r\000a}{chapter.5}% 36
\BOOKMARK [1][-]{section.5.4}{\376\377\000V\000a\000l\000j\000a\000n\000e\000\040\000f\000o\000r\000m\000u\000l\000e}{chapter.5}% 37
\BOOKMARK [1][-]{section.5.5}{\376\377\000U\000v\000o\001\021\000e\000n\000j\000e\000\040\000n\000o\000v\000i\000h\000\040\000k\000v\000a\000n\000t\000i\000f\000i\000k\000a\000t\000o\000r\000a}{chapter.5}% 38
\BOOKMARK [1][-]{section.5.6}{\376\377\000P\000r\000e\000d\000i\000k\000a\000t\000s\000k\000i\000\040\000r\000a\001\015\000u\000n\000\040\000u\000\040\000a\000n\000a\000l\000i\000z\000i\000\040\000p\000r\000o\000g\000r\000a\000m\000s\000k\000o\000g\000\040\000k\000o\000d\000a}{chapter.5}% 39
\BOOKMARK [1][-]{section.5.7}{\376\377\000Z\000a\000d\000a\000c\000i}{chapter.5}% 40
\BOOKMARK [0][-]{chapter.6}{\376\377\000B\000i\000n\000a\000r\000n\000e\000\040\000r\000e\000l\000a\000c\000i\000j\000e}{}% 41
\BOOKMARK [1][-]{section.6.1}{\376\377\000K\000l\000a\000s\000i\000f\000i\000k\000a\000c\000i\000j\000a}{chapter.6}% 42
\BOOKMARK [1][-]{section.6.2}{\376\377\000P\000o\000r\000e\001\021\000e\000n\000j\000e}{chapter.6}% 43
\BOOKMARK [1][-]{section.6.3}{\376\377\000P\000o\000r\000e\001\021\000e\000n\000j\000e\000\040\000r\000e\001\015\000i}{chapter.6}% 44
\BOOKMARK [1][-]{section.6.4}{\376\377\000G\000r\000a\000f\000i\001\015\000k\000i\000\040\000p\000r\000i\000k\000a\000z\000\040\000r\000e\000l\000a\000c\000i\000j\000a\000\040\000p\000o\000r\000e\000t\000k\000a}{chapter.6}% 45
\BOOKMARK [1][-]{section.6.5}{\376\377\000Z\000a\000d\000a\000c\000i}{chapter.6}% 46
\BOOKMARK [0][-]{chapter.7}{\376\377\000F\000u\000n\000k\000c\000i\000j\000e}{}% 47
\BOOKMARK [1][-]{section.7.1}{\376\377\000P\000o\000j\000a\000m\000\040\000f\000u\000n\000k\000c\000i\000j\000e}{chapter.7}% 48
\BOOKMARK [1][-]{section.7.2}{\376\377\000K\000o\000m\000p\000o\000z\000i\000c\000i\000j\000a\000\040\000f\000u\000n\000k\000c\000i\000j\000a}{chapter.7}% 49
\BOOKMARK [1][-]{section.7.3}{\376\377\000I\000n\000j\000e\000k\000t\000i\000v\000n\000e\000,\000\040\000s\000i\000r\000j\000e\000k\000t\000i\000v\000n\000e\000\040\000i\000\040\000b\000i\000j\000e\000k\000t\000i\000v\000n\000e\000\040\000f\000u\000n\000k\000c\000i\000j\000e}{chapter.7}% 50
\BOOKMARK [1][-]{section.7.4}{\376\377\000I\000n\000v\000e\000r\000z\000n\000a\000\040\000f\000u\000n\000k\000c\000i\000j\000a}{chapter.7}% 51
\BOOKMARK [1][-]{section.7.5}{\376\377\000U\000p\000o\000r\000e\001\021\000i\000v\000a\000n\000j\000e\000\040\000k\000o\000n\000a\001\015\000n\000i\000h\000\040\000s\000k\000u\000p\000o\000v\000a}{chapter.7}% 52
\BOOKMARK [1][-]{section.7.6}{\376\377\000B\000e\000s\000k\000o\000n\000a\001\015\000n\000i\000\040\000s\000k\000u\000p\000o\000v\000i}{chapter.7}% 53
\BOOKMARK [1][-]{section.7.7}{\376\377\000U\000p\000o\000r\000e\001\021\000i\000v\000a\000n\000j\000e\000\040\000b\000e\000s\000k\000o\000n\000a\001\015\000n\000i\000h\000\040\000s\000k\000u\000p\000o\000v\000a}{chapter.7}% 54
\BOOKMARK [1][-]{section.7.8}{\376\377\000Z\000a\000d\000a\000c\000i}{chapter.7}% 55
\BOOKMARK [0][-]{chapter.8}{\376\377\000R\000e\001\141\000e\000n\000j\000a\000\040\000o\000d\000a\000b\000r\000a\000n\000i\000h\000\040\000z\000a\000d\000a\000t\000a\000k\000a}{}% 56
\BOOKMARK [0][-]{Item.642}{\376\377\000L\000i\000t\000e\000r\000a\000t\000u\000r\000a}{}% 57
