This is pdfTeX, Version 3.141592653-2.6-1.40.26 (MiKTeX 24.4) (preloaded format=pdflatex 2024.10.10)  29 MAY 2026 19:29
entering extended mode
 restricted \write18 enabled.
 %&-line parsing enabled.
**./main-DS1.tex
(main-DS1.tex
LaTeX2e <2024-06-01> patch level 2
L3 programming layer <2024-08-30>
(C:\Users\DM\AppData\Local\Programs\MiKTeX\tex/latex/base\book.cls
Document Class: book 2024/02/08 v1.4n Standard LaTeX document class
(C:\Users\DM\AppData\Local\Programs\MiKTeX\tex/latex/base\bk11.clo
File: bk11.clo 2024/02/08 v1.4n Standard LaTeX file (size option)
)
\c@part=\count194
\c@chapter=\count195
\c@section=\count196
\c@subsection=\count197
\c@subsubsection=\count198
\c@paragraph=\count199
\c@subparagraph=\count266
\c@figure=\count267
\c@table=\count268
\abovecaptionskip=\skip49
\belowcaptionskip=\skip50
\bibindent=\dimen141
)
(C:\Users\DM\AppData\Local\Programs\MiKTeX\tex/latex/pgf/basiclayer\pgf.sty
(C:\Users\DM\AppData\Local\Programs\MiKTeX\tex/latex/pgf/utilities\pgfrcs.sty
(C:\Users\DM\AppData\Local\Programs\MiKTeX\tex/generic/pgf/utilities\pgfutil-co
mmon.tex
\pgfutil@everybye=\toks17
\pgfutil@tempdima=\dimen142
\pgfutil@tempdimb=\dimen143
)
(C:\Users\DM\AppData\Local\Programs\MiKTeX\tex/generic/pgf/utilities\pgfutil-la
tex.def
\pgfutil@abb=\box52
)
(C:\Users\DM\AppData\Local\Programs\MiKTeX\tex/generic/pgf/utilities\pgfrcs.cod
e.tex
(C:\Users\DM\AppData\Local\Programs\MiKTeX\tex/generic/pgf\pgf.revision.tex)
Package: pgfrcs 2023-01-15 v3.1.10 (3.1.10)
))
Package: pgf 2023-01-15 v3.1.10 (3.1.10)

(C:\Users\DM\AppData\Local\Programs\MiKTeX\tex/latex/pgf/basiclayer\pgfcore.sty
(C:\Users\DM\AppData\Local\Programs\MiKTeX\tex/latex/graphics\graphicx.sty
Package: graphicx 2021/09/16 v1.2d Enhanced LaTeX Graphics (DPC,SPQR)

(C:\Users\DM\AppData\Local\Programs\MiKTeX\tex/latex/graphics\keyval.sty
Package: keyval 2022/05/29 v1.15 key=value parser (DPC)
\KV@toks@=\toks18
)
(C:\Users\DM\AppData\Local\Programs\MiKTeX\tex/latex/graphics\graphics.sty
Package: graphics 2024/05/23 v1.4g Standard LaTeX Graphics (DPC,SPQR)

(C:\Users\DM\AppData\Local\Programs\MiKTeX\tex/latex/graphics\trig.sty
Package: trig 2023/12/02 v1.11 sin cos tan (DPC)
)
(C:\Users\DM\AppData\Local\Programs\MiKTeX\tex/latex/graphics-cfg\graphics.cfg
File: graphics.cfg 2016/06/04 v1.11 sample graphics configuration
)
Package graphics Info: Driver file: pdftex.def on input line 106.
(C:\Users\DM\AppData\Local\Programs\MiKTeX\tex/latex/graphics-def\pdftex.def
File: pdftex.def 2024/04/13 v1.2c Graphics/color driver for pdftex
))
\Gin@req@height=\dimen144
\Gin@req@width=\dimen145
)
(C:\Users\DM\AppData\Local\Programs\MiKTeX\tex/latex/pgf/systemlayer\pgfsys.sty

(C:\Users\DM\AppData\Local\Programs\MiKTeX\tex/generic/pgf/systemlayer\pgfsys.c
ode.tex
Package: pgfsys 2023-01-15 v3.1.10 (3.1.10)

(C:\Users\DM\AppData\Local\Programs\MiKTeX\tex/generic/pgf/utilities\pgfkeys.co
de.tex
\pgfkeys@pathtoks=\toks19
\pgfkeys@temptoks=\toks20

(C:\Users\DM\AppData\Local\Programs\MiKTeX\tex/generic/pgf/utilities\pgfkeyslib
raryfiltered.code.tex
\pgfkeys@tmptoks=\toks21
))
\pgf@x=\dimen146
\pgf@y=\dimen147
\pgf@xa=\dimen148
\pgf@ya=\dimen149
\pgf@xb=\dimen150
\pgf@yb=\dimen151
\pgf@xc=\dimen152
\pgf@yc=\dimen153
\pgf@xd=\dimen154
\pgf@yd=\dimen155
\w@pgf@writea=\write3
\r@pgf@reada=\read2
\c@pgf@counta=\count269
\c@pgf@countb=\count270
\c@pgf@countc=\count271
\c@pgf@countd=\count272
\t@pgf@toka=\toks22
\t@pgf@tokb=\toks23
\t@pgf@tokc=\toks24
\pgf@sys@id@count=\count273

(C:\Users\DM\AppData\Local\Programs\MiKTeX\tex/generic/pgf/systemlayer\pgf.cfg
File: pgf.cfg 2023-01-15 v3.1.10 (3.1.10)
)
Driver file for pgf: pgfsys-pdftex.def

(C:\Users\DM\AppData\Local\Programs\MiKTeX\tex/generic/pgf/systemlayer\pgfsys-p
dftex.def
File: pgfsys-pdftex.def 2023-01-15 v3.1.10 (3.1.10)

(C:\Users\DM\AppData\Local\Programs\MiKTeX\tex/generic/pgf/systemlayer\pgfsys-c
ommon-pdf.def
File: pgfsys-common-pdf.def 2023-01-15 v3.1.10 (3.1.10)
)))
(C:\Users\DM\AppData\Local\Programs\MiKTeX\tex/generic/pgf/systemlayer\pgfsysso
ftpath.code.tex
File: pgfsyssoftpath.code.tex 2023-01-15 v3.1.10 (3.1.10)
\pgfsyssoftpath@smallbuffer@items=\count274
\pgfsyssoftpath@bigbuffer@items=\count275
)
(C:\Users\DM\AppData\Local\Programs\MiKTeX\tex/generic/pgf/systemlayer\pgfsyspr
otocol.code.tex
File: pgfsysprotocol.code.tex 2023-01-15 v3.1.10 (3.1.10)
))
(C:\Users\DM\AppData\Local\Programs\MiKTeX\tex/latex/xcolor\xcolor.sty
Package: xcolor 2023/11/15 v3.01 LaTeX color extensions (UK)

(C:\Users\DM\AppData\Local\Programs\MiKTeX\tex/latex/graphics-cfg\color.cfg
File: color.cfg 2016/01/02 v1.6 sample color configuration
)
Package xcolor Info: Driver file: pdftex.def on input line 274.

(C:\Users\DM\AppData\Local\Programs\MiKTeX\tex/latex/graphics\mathcolor.ltx)
Package xcolor Info: Model `cmy' substituted by `cmy0' on input line 1350.
Package xcolor Info: Model `hsb' substituted by `rgb' on input line 1354.
Package xcolor Info: Model `RGB' extended on input line 1366.
Package xcolor Info: Model `HTML' substituted by `rgb' on input line 1368.
Package xcolor Info: Model `Hsb' substituted by `hsb' on input line 1369.
Package xcolor Info: Model `tHsb' substituted by `hsb' on input line 1370.
Package xcolor Info: Model `HSB' substituted by `hsb' on input line 1371.
Package xcolor Info: Model `Gray' substituted by `gray' on input line 1372.
Package xcolor Info: Model `wave' substituted by `hsb' on input line 1373.
)
(C:\Users\DM\AppData\Local\Programs\MiKTeX\tex/generic/pgf/basiclayer\pgfcore.c
ode.tex
Package: pgfcore 2023-01-15 v3.1.10 (3.1.10)

(C:\Users\DM\AppData\Local\Programs\MiKTeX\tex/generic/pgf/math\pgfmath.code.te
x
(C:\Users\DM\AppData\Local\Programs\MiKTeX\tex/generic/pgf/math\pgfmathutil.cod
e.tex)
(C:\Users\DM\AppData\Local\Programs\MiKTeX\tex/generic/pgf/math\pgfmathparser.c
ode.tex
\pgfmath@dimen=\dimen156
\pgfmath@count=\count276
\pgfmath@box=\box53
\pgfmath@toks=\toks25
\pgfmath@stack@operand=\toks26
\pgfmath@stack@operation=\toks27
)
(C:\Users\DM\AppData\Local\Programs\MiKTeX\tex/generic/pgf/math\pgfmathfunction
s.code.tex)
(C:\Users\DM\AppData\Local\Programs\MiKTeX\tex/generic/pgf/math\pgfmathfunction
s.basic.code.tex)
(C:\Users\DM\AppData\Local\Programs\MiKTeX\tex/generic/pgf/math\pgfmathfunction
s.trigonometric.code.tex)
(C:\Users\DM\AppData\Local\Programs\MiKTeX\tex/generic/pgf/math\pgfmathfunction
s.random.code.tex)
(C:\Users\DM\AppData\Local\Programs\MiKTeX\tex/generic/pgf/math\pgfmathfunction
s.comparison.code.tex)
(C:\Users\DM\AppData\Local\Programs\MiKTeX\tex/generic/pgf/math\pgfmathfunction
s.base.code.tex)
(C:\Users\DM\AppData\Local\Programs\MiKTeX\tex/generic/pgf/math\pgfmathfunction
s.round.code.tex)
(C:\Users\DM\AppData\Local\Programs\MiKTeX\tex/generic/pgf/math\pgfmathfunction
s.misc.code.tex)
(C:\Users\DM\AppData\Local\Programs\MiKTeX\tex/generic/pgf/math\pgfmathfunction
s.integerarithmetics.code.tex)
(C:\Users\DM\AppData\Local\Programs\MiKTeX\tex/generic/pgf/math\pgfmathcalc.cod
e.tex)
(C:\Users\DM\AppData\Local\Programs\MiKTeX\tex/generic/pgf/math\pgfmathfloat.co
de.tex
\c@pgfmathroundto@lastzeros=\count277
))
(C:\Users\DM\AppData\Local\Programs\MiKTeX\tex/generic/pgf/math\pgfint.code.tex
)
(C:\Users\DM\AppData\Local\Programs\MiKTeX\tex/generic/pgf/basiclayer\pgfcorepo
ints.code.tex
File: pgfcorepoints.code.tex 2023-01-15 v3.1.10 (3.1.10)
\pgf@picminx=\dimen157
\pgf@picmaxx=\dimen158
\pgf@picminy=\dimen159
\pgf@picmaxy=\dimen160
\pgf@pathminx=\dimen161
\pgf@pathmaxx=\dimen162
\pgf@pathminy=\dimen163
\pgf@pathmaxy=\dimen164
\pgf@xx=\dimen165
\pgf@xy=\dimen166
\pgf@yx=\dimen167
\pgf@yy=\dimen168
\pgf@zx=\dimen169
\pgf@zy=\dimen170
)
(C:\Users\DM\AppData\Local\Programs\MiKTeX\tex/generic/pgf/basiclayer\pgfcorepa
thconstruct.code.tex
File: pgfcorepathconstruct.code.tex 2023-01-15 v3.1.10 (3.1.10)
\pgf@path@lastx=\dimen171
\pgf@path@lasty=\dimen172
)
(C:\Users\DM\AppData\Local\Programs\MiKTeX\tex/generic/pgf/basiclayer\pgfcorepa
thusage.code.tex
File: pgfcorepathusage.code.tex 2023-01-15 v3.1.10 (3.1.10)
\pgf@shorten@end@additional=\dimen173
\pgf@shorten@start@additional=\dimen174
)
(C:\Users\DM\AppData\Local\Programs\MiKTeX\tex/generic/pgf/basiclayer\pgfcoresc
opes.code.tex
File: pgfcorescopes.code.tex 2023-01-15 v3.1.10 (3.1.10)
\pgfpic=\box54
\pgf@hbox=\box55
\pgf@layerbox@main=\box56
\pgf@picture@serial@count=\count278
)
(C:\Users\DM\AppData\Local\Programs\MiKTeX\tex/generic/pgf/basiclayer\pgfcoregr
aphicstate.code.tex
File: pgfcoregraphicstate.code.tex 2023-01-15 v3.1.10 (3.1.10)
\pgflinewidth=\dimen175
)
(C:\Users\DM\AppData\Local\Programs\MiKTeX\tex/generic/pgf/basiclayer\pgfcoretr
ansformations.code.tex
File: pgfcoretransformations.code.tex 2023-01-15 v3.1.10 (3.1.10)
\pgf@pt@x=\dimen176
\pgf@pt@y=\dimen177
\pgf@pt@temp=\dimen178
)
(C:\Users\DM\AppData\Local\Programs\MiKTeX\tex/generic/pgf/basiclayer\pgfcorequ
ick.code.tex
File: pgfcorequick.code.tex 2023-01-15 v3.1.10 (3.1.10)
)
(C:\Users\DM\AppData\Local\Programs\MiKTeX\tex/generic/pgf/basiclayer\pgfcoreob
jects.code.tex
File: pgfcoreobjects.code.tex 2023-01-15 v3.1.10 (3.1.10)
)
(C:\Users\DM\AppData\Local\Programs\MiKTeX\tex/generic/pgf/basiclayer\pgfcorepa
thprocessing.code.tex
File: pgfcorepathprocessing.code.tex 2023-01-15 v3.1.10 (3.1.10)
)
(C:\Users\DM\AppData\Local\Programs\MiKTeX\tex/generic/pgf/basiclayer\pgfcorear
rows.code.tex
File: pgfcorearrows.code.tex 2023-01-15 v3.1.10 (3.1.10)
\pgfarrowsep=\dimen179
)
(C:\Users\DM\AppData\Local\Programs\MiKTeX\tex/generic/pgf/basiclayer\pgfcoresh
ade.code.tex
File: pgfcoreshade.code.tex 2023-01-15 v3.1.10 (3.1.10)
\pgf@max=\dimen180
\pgf@sys@shading@range@num=\count279
\pgf@shadingcount=\count280
)
(C:\Users\DM\AppData\Local\Programs\MiKTeX\tex/generic/pgf/basiclayer\pgfcoreim
age.code.tex
File: pgfcoreimage.code.tex 2023-01-15 v3.1.10 (3.1.10)
)
(C:\Users\DM\AppData\Local\Programs\MiKTeX\tex/generic/pgf/basiclayer\pgfcoreex
ternal.code.tex
File: pgfcoreexternal.code.tex 2023-01-15 v3.1.10 (3.1.10)
\pgfexternal@startupbox=\box57
)
(C:\Users\DM\AppData\Local\Programs\MiKTeX\tex/generic/pgf/basiclayer\pgfcorela
yers.code.tex
File: pgfcorelayers.code.tex 2023-01-15 v3.1.10 (3.1.10)
)
(C:\Users\DM\AppData\Local\Programs\MiKTeX\tex/generic/pgf/basiclayer\pgfcoretr
ansparency.code.tex
File: pgfcoretransparency.code.tex 2023-01-15 v3.1.10 (3.1.10)
)
(C:\Users\DM\AppData\Local\Programs\MiKTeX\tex/generic/pgf/basiclayer\pgfcorepa
tterns.code.tex
File: pgfcorepatterns.code.tex 2023-01-15 v3.1.10 (3.1.10)
)
(C:\Users\DM\AppData\Local\Programs\MiKTeX\tex/generic/pgf/basiclayer\pgfcorerd
f.code.tex
File: pgfcorerdf.code.tex 2023-01-15 v3.1.10 (3.1.10)
)))
(C:\Users\DM\AppData\Local\Programs\MiKTeX\tex/generic/pgf/modules\pgfmodulesha
pes.code.tex
File: pgfmoduleshapes.code.tex 2023-01-15 v3.1.10 (3.1.10)
\pgfnodeparttextbox=\box58
)
(C:\Users\DM\AppData\Local\Programs\MiKTeX\tex/generic/pgf/modules\pgfmoduleplo
t.code.tex
File: pgfmoduleplot.code.tex 2023-01-15 v3.1.10 (3.1.10)
)
(C:\Users\DM\AppData\Local\Programs\MiKTeX\tex/latex/pgf/compatibility\pgfcomp-
version-0-65.sty
Package: pgfcomp-version-0-65 2023-01-15 v3.1.10 (3.1.10)
\pgf@nodesepstart=\dimen181
\pgf@nodesepend=\dimen182
)
(C:\Users\DM\AppData\Local\Programs\MiKTeX\tex/latex/pgf/compatibility\pgfcomp-
version-1-18.sty
Package: pgfcomp-version-1-18 2023-01-15 v3.1.10 (3.1.10)
)) (acadpgf.sty
\acadpgfunit=\dimen183
\acadpgflinewidth=\dimen184
)
(C:\Users\DM\AppData\Local\Programs\MiKTeX\tex/latex/pgf/frontendlayer\tikz.sty
(C:\Users\DM\AppData\Local\Programs\MiKTeX\tex/latex/pgf/utilities\pgffor.sty
(C:\Users\DM\AppData\Local\Programs\MiKTeX\tex/latex/pgf/utilities\pgfkeys.sty
(C:\Users\DM\AppData\Local\Programs\MiKTeX\tex/generic/pgf/utilities\pgfkeys.co
de.tex))
(C:\Users\DM\AppData\Local\Programs\MiKTeX\tex/latex/pgf/math\pgfmath.sty
(C:\Users\DM\AppData\Local\Programs\MiKTeX\tex/generic/pgf/math\pgfmath.code.te
x))
(C:\Users\DM\AppData\Local\Programs\MiKTeX\tex/generic/pgf/utilities\pgffor.cod
e.tex
Package: pgffor 2023-01-15 v3.1.10 (3.1.10)
\pgffor@iter=\dimen185
\pgffor@skip=\dimen186
\pgffor@stack=\toks28
\pgffor@toks=\toks29
))
(C:\Users\DM\AppData\Local\Programs\MiKTeX\tex/generic/pgf/frontendlayer/tikz\t
ikz.code.tex
Package: tikz 2023-01-15 v3.1.10 (3.1.10)

(C:\Users\DM\AppData\Local\Programs\MiKTeX\tex/generic/pgf/libraries\pgflibrary
plothandlers.code.tex
File: pgflibraryplothandlers.code.tex 2023-01-15 v3.1.10 (3.1.10)
\pgf@plot@mark@count=\count281
\pgfplotmarksize=\dimen187
)
\tikz@lastx=\dimen188
\tikz@lasty=\dimen189
\tikz@lastxsaved=\dimen190
\tikz@lastysaved=\dimen191
\tikz@lastmovetox=\dimen192
\tikz@lastmovetoy=\dimen193
\tikzleveldistance=\dimen194
\tikzsiblingdistance=\dimen195
\tikz@figbox=\box59
\tikz@figbox@bg=\box60
\tikz@tempbox=\box61
\tikz@tempbox@bg=\box62
\tikztreelevel=\count282
\tikznumberofchildren=\count283
\tikznumberofcurrentchild=\count284
\tikz@fig@count=\count285

(C:\Users\DM\AppData\Local\Programs\MiKTeX\tex/generic/pgf/modules\pgfmodulemat
rix.code.tex
File: pgfmodulematrix.code.tex 2023-01-15 v3.1.10 (3.1.10)
\pgfmatrixcurrentrow=\count286
\pgfmatrixcurrentcolumn=\count287
\pgf@matrix@numberofcolumns=\count288
)
\tikz@expandcount=\count289

(C:\Users\DM\AppData\Local\Programs\MiKTeX\tex/generic/pgf/frontendlayer/tikz/l
ibraries\tikzlibrarytopaths.code.tex
File: tikzlibrarytopaths.code.tex 2023-01-15 v3.1.10 (3.1.10)
)))
(C:\Users\DM\AppData\Local\Programs\MiKTeX\tex/latex/hyperref\hyperref.sty
Package: hyperref 2024-07-10 v7.01j Hypertext links for LaTeX

(C:\Users\DM\AppData\Local\Programs\MiKTeX\tex/generic/iftex\iftex.sty
Package: iftex 2022/02/03 v1.0f TeX engine tests
)
(C:\Users\DM\AppData\Local\Programs\MiKTeX\tex/latex/kvsetkeys\kvsetkeys.sty
Package: kvsetkeys 2022-10-05 v1.19 Key value parser (HO)
)
(C:\Users\DM\AppData\Local\Programs\MiKTeX\tex/generic/kvdefinekeys\kvdefinekey
s.sty
Package: kvdefinekeys 2019-12-19 v1.6 Define keys (HO)
)
(C:\Users\DM\AppData\Local\Programs\MiKTeX\tex/generic/pdfescape\pdfescape.sty
Package: pdfescape 2019/12/09 v1.15 Implements pdfTeX's escape features (HO)

(C:\Users\DM\AppData\Local\Programs\MiKTeX\tex/generic/ltxcmds\ltxcmds.sty
Package: ltxcmds 2023-12-04 v1.26 LaTeX kernel commands for general use (HO)
)
(C:\Users\DM\AppData\Local\Programs\MiKTeX\tex/generic/pdftexcmds\pdftexcmds.st
y
Package: pdftexcmds 2020-06-27 v0.33 Utility functions of pdfTeX for LuaTeX (HO
)

(C:\Users\DM\AppData\Local\Programs\MiKTeX\tex/generic/infwarerr\infwarerr.sty
Package: infwarerr 2019/12/03 v1.5 Providing info/warning/error messages (HO)
)
Package pdftexcmds Info: \pdf@primitive is available.
Package pdftexcmds Info: \pdf@ifprimitive is available.
Package pdftexcmds Info: \pdfdraftmode found.
)) (C:\Users\DM\AppData\Local\Programs\MiKTeX\tex/latex/hycolor\hycolor.sty
Package: hycolor 2020-01-27 v1.10 Color options for hyperref/bookmark (HO)
)
(C:\Users\DM\AppData\Local\Programs\MiKTeX\tex/latex/hyperref\nameref.sty
Package: nameref 2023-11-26 v2.56 Cross-referencing by name of section

(C:\Users\DM\AppData\Local\Programs\MiKTeX\tex/latex/refcount\refcount.sty
Package: refcount 2019/12/15 v3.6 Data extraction from label references (HO)
)
(C:\Users\DM\AppData\Local\Programs\MiKTeX\tex/generic/gettitlestring\gettitles
tring.sty
Package: gettitlestring 2019/12/15 v1.6 Cleanup title references (HO)

(C:\Users\DM\AppData\Local\Programs\MiKTeX\tex/latex/kvoptions\kvoptions.sty
Package: kvoptions 2022-06-15 v3.15 Key value format for package options (HO)
))
\c@section@level=\count290
) (C:\Users\DM\AppData\Local\Programs\MiKTeX\tex/latex/etoolbox\etoolbox.sty
Package: etoolbox 2020/10/05 v2.5k e-TeX tools for LaTeX (JAW)
\etb@tempcnta=\count291
)
(C:\Users\DM\AppData\Local\Programs\MiKTeX\tex/generic/stringenc\stringenc.sty
Package: stringenc 2019/11/29 v1.12 Convert strings between diff. encodings (HO
)
)
\@linkdim=\dimen196
\Hy@linkcounter=\count292
\Hy@pagecounter=\count293
(C:\Users\DM\AppData\Local\Programs\MiKTeX\tex/latex/hyperref\pd1enc.def
File: pd1enc.def 2024-07-10 v7.01j Hyperref: PDFDocEncoding definition (HO)
Now handling font encoding PD1 ...
... no UTF-8 mapping file for font encoding PD1
)
(C:\Users\DM\AppData\Local\Programs\MiKTeX\tex/generic/intcalc\intcalc.sty
Package: intcalc 2019/12/15 v1.3 Expandable calculations with integers (HO)
)
\Hy@SavedSpaceFactor=\count294

(C:\Users\DM\AppData\Local\Programs\MiKTeX\tex/latex/hyperref\puenc.def
File: puenc.def 2024-07-10 v7.01j Hyperref: PDF Unicode definition (HO)
Now handling font encoding PU ...
... no UTF-8 mapping file for font encoding PU
)
Package hyperref Info: Option `colorlinks' set `true' on input line 4040.
Package hyperref Info: Hyper figures OFF on input line 4157.
Package hyperref Info: Link nesting OFF on input line 4162.
Package hyperref Info: Hyper index ON on input line 4165.
Package hyperref Info: Plain pages OFF on input line 4172.
Package hyperref Info: Backreferencing OFF on input line 4177.
Package hyperref Info: Implicit mode ON; LaTeX internals redefined.
Package hyperref Info: Bookmarks ON on input line 4424.
\c@Hy@tempcnt=\count295

(C:\Users\DM\AppData\Local\Programs\MiKTeX\tex/latex/url\url.sty
\Urlmuskip=\muskip17
Package: url 2013/09/16  ver 3.4  Verb mode for urls, etc.
)
LaTeX Info: Redefining \url on input line 4763.
\XeTeXLinkMargin=\dimen197

(C:\Users\DM\AppData\Local\Programs\MiKTeX\tex/generic/bitset\bitset.sty
Package: bitset 2019/12/09 v1.3 Handle bit-vector datatype (HO)

(C:\Users\DM\AppData\Local\Programs\MiKTeX\tex/generic/bigintcalc\bigintcalc.st
y
Package: bigintcalc 2019/12/15 v1.5 Expandable calculations on big integers (HO
)
))
\Fld@menulength=\count296
\Field@Width=\dimen198
\Fld@charsize=\dimen199
Package hyperref Info: Hyper figures OFF on input line 6042.
Package hyperref Info: Link nesting OFF on input line 6047.
Package hyperref Info: Hyper index ON on input line 6050.
Package hyperref Info: backreferencing OFF on input line 6057.
Package hyperref Info: Link coloring ON on input line 6060.
Package hyperref Info: Link coloring with OCG OFF on input line 6067.
Package hyperref Info: PDF/A mode OFF on input line 6072.
 (C:\Users\DM\AppData\Local\Programs\MiKTeX\tex/latex/base\atbegshi-ltx.sty
Package: atbegshi-ltx 2021/01/10 v1.0c Emulation of the original atbegshi
package with kernel methods
)
\Hy@abspage=\count297
\c@Item=\count298
\c@Hfootnote=\count299
)
Package hyperref Info: Driver (autodetected): hpdftex.
 (C:\Users\DM\AppData\Local\Programs\MiKTeX\tex/latex/hyperref\hpdftex.def
File: hpdftex.def 2024-07-10 v7.01j Hyperref driver for pdfTeX

(C:\Users\DM\AppData\Local\Programs\MiKTeX\tex/latex/base\atveryend-ltx.sty
Package: atveryend-ltx 2020/08/19 v1.0a Emulation of the original atveryend pac
kage
with kernel methods
)
\Fld@listcount=\count300
\c@bookmark@seq@number=\count301

(C:\Users\DM\AppData\Local\Programs\MiKTeX\tex/latex/rerunfilecheck\rerunfilech
eck.sty
Package: rerunfilecheck 2022-07-10 v1.10 Rerun checks for auxiliary files (HO)

(C:\Users\DM\AppData\Local\Programs\MiKTeX\tex/generic/uniquecounter\uniquecoun
ter.sty
Package: uniquecounter 2019/12/15 v1.4 Provide unlimited unique counter (HO)
)
Package uniquecounter Info: New unique counter `rerunfilecheck' on input line 2
85.
)
\Hy@SectionHShift=\skip51
)
(C:\Users\DM\AppData\Local\Programs\MiKTeX\tex/latex/decimalcomma\decimalcomma.
sty
Package: decimalcomma 2023/12/30 v1.4 .dtx Comma for decimal numbers
 (C:\Users\DM\AppData\Local\Programs\MiKTeX\tex/latex/was\icomma.sty
Package: icomma 2002/03/10 v2.0 (WaS)
))
(C:\Users\DM\AppData\Local\Programs\MiKTeX\tex/latex/amsmath\amsmath.sty
Package: amsmath 2024/05/23 v2.17q AMS math features
\@mathmargin=\skip52

For additional information on amsmath, use the `?' option.
(C:\Users\DM\AppData\Local\Programs\MiKTeX\tex/latex/amsmath\amstext.sty
Package: amstext 2021/08/26 v2.01 AMS text

(C:\Users\DM\AppData\Local\Programs\MiKTeX\tex/latex/amsmath\amsgen.sty
File: amsgen.sty 1999/11/30 v2.0 generic functions
\@emptytoks=\toks30
\ex@=\dimen256
))
(C:\Users\DM\AppData\Local\Programs\MiKTeX\tex/latex/amsmath\amsbsy.sty
Package: amsbsy 1999/11/29 v1.2d Bold Symbols
\pmbraise@=\dimen257
)
(C:\Users\DM\AppData\Local\Programs\MiKTeX\tex/latex/amsmath\amsopn.sty
Package: amsopn 2022/04/08 v2.04 operator names
)
\inf@bad=\count302
LaTeX Info: Redefining \frac on input line 233.
\uproot@=\count303
\leftroot@=\count304
LaTeX Info: Redefining \overline on input line 398.
LaTeX Info: Redefining \colon on input line 409.
\classnum@=\count305
\DOTSCASE@=\count306
LaTeX Info: Redefining \ldots on input line 495.
LaTeX Info: Redefining \dots on input line 498.
LaTeX Info: Redefining \cdots on input line 619.
\Mathstrutbox@=\box63
\strutbox@=\box64
LaTeX Info: Redefining \big on input line 721.
LaTeX Info: Redefining \Big on input line 722.
LaTeX Info: Redefining \bigg on input line 723.
LaTeX Info: Redefining \Bigg on input line 724.
\big@size=\dimen258
LaTeX Font Info:    Redeclaring font encoding OML on input line 742.
LaTeX Font Info:    Redeclaring font encoding OMS on input line 743.
\macc@depth=\count307
LaTeX Info: Redefining \bmod on input line 904.
LaTeX Info: Redefining \pmod on input line 909.
LaTeX Info: Redefining \smash on input line 939.
LaTeX Info: Redefining \relbar on input line 969.
LaTeX Info: Redefining \Relbar on input line 970.
\c@MaxMatrixCols=\count308
\dotsspace@=\muskip18
\c@parentequation=\count309
\dspbrk@lvl=\count310
\tag@help=\toks31
\row@=\count311
\column@=\count312
\maxfields@=\count313
\andhelp@=\toks32
\eqnshift@=\dimen259
\alignsep@=\dimen260
\tagshift@=\dimen261
\tagwidth@=\dimen262
\totwidth@=\dimen263
\lineht@=\dimen264
\@envbody=\toks33
\multlinegap=\skip53
\multlinetaggap=\skip54
\mathdisplay@stack=\toks34
LaTeX Info: Redefining \[ on input line 2953.
LaTeX Info: Redefining \] on input line 2954.
)
(C:\Users\DM\AppData\Local\Programs\MiKTeX\tex/latex/amsfonts\amssymb.sty
Package: amssymb 2013/01/14 v3.01 AMS font symbols

(C:\Users\DM\AppData\Local\Programs\MiKTeX\tex/latex/amsfonts\amsfonts.sty
Package: amsfonts 2013/01/14 v3.01 Basic AMSFonts support
\symAMSa=\mathgroup4
\symAMSb=\mathgroup5
LaTeX Font Info:    Redeclaring math symbol \hbar on input line 98.
LaTeX Font Info:    Overwriting math alphabet `\mathfrak' in version `bold'
(Font)                  U/euf/m/n --> U/euf/b/n on input line 106.
))
(C:\Users\DM\AppData\Local\Programs\MiKTeX\tex/latex/amscls\amsthm.sty
Package: amsthm 2020/05/29 v2.20.6
\thm@style=\toks35
\thm@bodyfont=\toks36
\thm@headfont=\toks37
\thm@notefont=\toks38
\thm@headpunct=\toks39
\thm@preskip=\skip55
\thm@postskip=\skip56
\thm@headsep=\skip57
\dth@everypar=\toks40
)
(C:\Users\DM\AppData\Local\Programs\MiKTeX\tex/latex/psnfss\pifont.sty
Package: pifont 2020/03/25 PSNFSS-v9.3 Pi font support (SPQR) 
LaTeX Font Info:    Trying to load font information for U+pzd on input line 63.


(C:\Users\DM\AppData\Local\Programs\MiKTeX\tex/latex/psnfss\upzd.fd
File: upzd.fd 2001/06/04 font definitions for U/pzd.
)
LaTeX Font Info:    Trying to load font information for U+psy on input line 64.


(C:\Users\DM\AppData\Local\Programs\MiKTeX\tex/latex/psnfss\upsy.fd
File: upsy.fd 2001/06/04 font definitions for U/psy.
))
(C:\Users\DM\AppData\Local\Programs\MiKTeX\tex/latex/fancybox\fancybox.sty
Package: fancybox 2010/05/15 1.4

Style option: `fancybox' v1.4 <2010/05/15> (tvz)
\@fancybox=\box65
\shadowsize=\dimen265
\@Sbox=\box66
\do@VerbBox=\toks41
\the@fancyput=\toks42
\this@fancyput=\toks43
\EndVerbatimTokens=\toks44
\Verbatim@Outfile=\write4
\Verbatim@Infile=\read3
) (C:\Users\DM\AppData\Local\Programs\MiKTeX\tex/latex/graphics\rotating.sty
Package: rotating 2016/08/11 v2.16d rotated objects in LaTeX

(C:\Users\DM\AppData\Local\Programs\MiKTeX\tex/latex/base\ifthen.sty
Package: ifthen 2024/03/16 v1.1e Standard LaTeX ifthen package (DPC)
)
\c@r@tfl@t=\count314
\rotFPtop=\skip58
\rotFPbot=\skip59
\rot@float@box=\box67
\rot@mess@toks=\toks45
)
(C:\Users\DM\AppData\Local\Programs\MiKTeX\tex/latex/booktabs\booktabs.sty
Package: booktabs 2020/01/12 v1.61803398 Publication quality tables
\heavyrulewidth=\dimen266
\lightrulewidth=\dimen267
\cmidrulewidth=\dimen268
\belowrulesep=\dimen269
\belowbottomsep=\dimen270
\aboverulesep=\dimen271
\abovetopsep=\dimen272
\cmidrulesep=\dimen273
\cmidrulekern=\dimen274
\defaultaddspace=\dimen275
\@cmidla=\count315
\@cmidlb=\count316
\@aboverulesep=\dimen276
\@belowrulesep=\dimen277
\@thisruleclass=\count317
\@lastruleclass=\count318
\@thisrulewidth=\dimen278
)
(C:\Users\DM\AppData\Local\Programs\MiKTeX\tex/latex/stmaryrd\stmaryrd.sty
Package: stmaryrd 1994/03/03 St Mary's Road symbol package
\symstmry=\mathgroup6
LaTeX Font Info:    Overwriting symbol font `stmry' in version `bold'
(Font)                  U/stmry/m/n --> U/stmry/b/n on input line 89.
)
(C:\Users\DM\AppData\Local\Programs\MiKTeX\tex/latex/underoverlap\underoverlap.
sty
Package: underoverlap 2013/02/03 0.0.1-r1 construct for partly overlapping math
 decorations

(C:\Users\DM\AppData\Local\Programs\MiKTeX\tex/latex/mathtools\mathtools.sty
Package: mathtools 2024/03/11 v1.30 mathematical typesetting tools

(C:\Users\DM\AppData\Local\Programs\MiKTeX\tex/latex/tools\calc.sty
Package: calc 2023/07/08 v4.3 Infix arithmetic (KKT,FJ)
\calc@Acount=\count319
\calc@Bcount=\count320
\calc@Adimen=\dimen279
\calc@Bdimen=\dimen280
\calc@Askip=\skip60
\calc@Bskip=\skip61
LaTeX Info: Redefining \setlength on input line 80.
LaTeX Info: Redefining \addtolength on input line 81.
\calc@Ccount=\count321
\calc@Cskip=\skip62
)
(C:\Users\DM\AppData\Local\Programs\MiKTeX\tex/latex/mathtools\mhsetup.sty
Package: mhsetup 2021/03/18 v1.4 programming setup (MH)
)
\g_MT_multlinerow_int=\count322
\l_MT_multwidth_dim=\dimen281
\origjot=\skip63
\l_MT_shortvdotswithinadjustabove_dim=\dimen282
\l_MT_shortvdotswithinadjustbelow_dim=\dimen283
\l_MT_above_intertext_sep=\dimen284
\l_MT_below_intertext_sep=\dimen285
\l_MT_above_shortintertext_sep=\dimen286
\l_MT_below_shortintertext_sep=\dimen287
\xmathstrut@box=\box68
\xmathstrut@dim=\dimen288
)
(C:\Users\DM\AppData\Local\Programs\MiKTeX\tex/latex/l3packages/xparse\xparse.s
ty (C:\Users\DM\AppData\Local\Programs\MiKTeX\tex/latex/l3kernel\expl3.sty
Package: expl3 2024-08-30 L3 programming layer (loader) 

(C:\Users\DM\AppData\Local\Programs\MiKTeX\tex/latex/l3backend\l3backend-pdftex
.def
File: l3backend-pdftex.def 2024-05-08 L3 backend support: PDF output (pdfTeX)
\l__color_backend_stack_int=\count323
\l__pdf_internal_box=\box69
))
Package: xparse 2024-08-16 L3 Experimental document command parser
))
(C:\Users\DM\AppData\Local\Programs\MiKTeX\tex/latex/wasysym\wasysym.sty
Package: wasysym 2020/01/19 v2.4 Wasy-2 symbol support package
\symwasy=\mathgroup7
LaTeX Font Info:    Overwriting symbol font `wasy' in version `bold'
(Font)                  U/wasy/m/n --> U/wasy/b/n on input line 93.
LaTeX Font Info:    Redeclaring math symbol \ocircle on input line 243.
)
(C:\Users\DM\AppData\Local\Programs\MiKTeX\tex/latex/circledtext\circledtext.st
y
Package: circledtext 2025-08-27 v1.1.2 Typeset circled text with l3draw

(C:\Users\DM\AppData\Local\Programs\MiKTeX\tex/latex/l3packages/xtemplate\xtemp
late.sty
Package: xtemplate 2024-08-16 L3 Experimental prototype document functions
)
(C:\Users\DM\AppData\Local\Programs\MiKTeX\tex/latex/l3packages/l3keys2e\l3keys
2e.sty
Package: l3keys2e 2024-08-16 LaTeX2e option processing using LaTeX3 keys
)
(C:\Users\DM\AppData\Local\Programs\MiKTeX\tex/latex/l3experimental/l3draw\l3dr
aw.sty
Package: l3draw 2025-10-09 L3 Experimental core drawing support
\l__draw_tmp_box=\box70
\g__draw_path_lastx_dim=\dimen289
\g__draw_path_lasty_dim=\dimen290
\g__draw_path_xmax_dim=\dimen291
\g__draw_path_xmin_dim=\dimen292
\g__draw_path_ymax_dim=\dimen293
\g__draw_path_ymin_dim=\dimen294
\l__draw_corner_xarc_dim=\dimen295
\l__draw_corner_yarc_dim=\dimen296
\l__draw_path_lastx_dim=\dimen297
\l__draw_path_lasty_dim=\dimen298
\l__draw_path_xmax_dim=\dimen299
\l__draw_path_xmin_dim=\dimen300
\l__draw_path_ymax_dim=\dimen301
\l__draw_path_ymin_dim=\dimen302
\l__draw_softpath_lastx_dim=\dimen303
\l__draw_softpath_lasty_dim=\dimen304
\l__draw_xvec_x_dim=\dimen305
\l__draw_xvec_y_dim=\dimen306
\l__draw_yvec_x_dim=\dimen307
\l__draw_yvec_y_dim=\dimen308
\l__draw_zvec_x_dim=\dimen309
\l__draw_zvec_y_dim=\dimen310
\g_draw_bb_xmax_dim=\dimen311
\g_draw_bb_xmin_dim=\dimen312
\g_draw_bb_ymax_dim=\dimen313
\g_draw_bb_ymin_dim=\dimen314
\l__draw_main_box=\box71
\l__draw_layer_main_box=\box72
\g_draw_id_int=\count324
\l__draw_baseline_dim=\dimen315
\l__draw_linewidth_dim=\dimen316
\l__draw_xmax_dim=\dimen317
\l__draw_xmin_dim=\dimen318
\l__draw_ymax_dim=\dimen319
\l__draw_ymin_dim=\dimen320
\g__draw_softpath_lastx_dim=\dimen321
\g__draw_softpath_lasty_dim=\dimen322
\l__draw_softpath_corneri_dim=\dimen323
\l__draw_softpath_cornerii_dim=\dimen324
\g__draw_linewidth_dim=\dimen325
\l_draw_default_linewidth_dim=\dimen326
\l__draw_xshift_dim=\dimen327
\l__draw_yshift_dim=\dimen328
)
\l__circledtext_basebox_box=\box73
\l__circledtext_char_box_size_dim=\dimen329
\l__circledtext_char_box_radius_dim=\dimen330
\l__circledtext_char_width_dim=\dimen331
\l__circledtext_char_height_dim=\dimen332
\l__circledtext_box_width_dim=\dimen333
\l__circledtext_box_height_dim=\dimen334
\l__circledtext_box_linewidth_dim=\dimen335
\l__circledtext_cross_linewidth_dim=\dimen336
\l__circledtext_char_dp_dim=\dimen337
\l__circledtext_str_box_coffin=\box74
\l__circledtext_box_coffin=\box75
\l__circledtext_char_coffin=\box76
\l__circledtext_tmpa_coffin=\box77
\l__circledtext_tmpb_coffin=\box78
\charboxwd=\dimen338
\charboxht=\dimen339
\l__circledtext_cross_color_ratio_int=\count325
\l__circledtext_charstroke_type_int=\count326
)
(C:\Users\DM\AppData\Local\Programs\MiKTeX\tex/latex/tools\multicol.sty
Package: multicol 2024/05/23 v1.9h multicolumn formatting (FMi)
\c@tracingmulticols=\count327
\mult@box=\box79
\multicol@leftmargin=\dimen340
\c@unbalance=\count328
\c@collectmore=\count329
\doublecol@number=\count330
\multicoltolerance=\count331
\multicolpretolerance=\count332
\full@width=\dimen341
\page@free=\dimen342
\premulticols=\dimen343
\postmulticols=\dimen344
\multicolsep=\skip64
\multicolbaselineskip=\skip65
\partial@page=\box80
\last@line=\box81
\mc@boxedresult=\box82
\maxbalancingoverflow=\dimen345
\mult@rightbox=\box83
\mult@grightbox=\box84
\mult@firstbox=\box85
\mult@gfirstbox=\box86
\@tempa=\box87
\@tempa=\box88
\@tempa=\box89
\@tempa=\box90
\@tempa=\box91
\@tempa=\box92
\@tempa=\box93
\@tempa=\box94
\@tempa=\box95
\@tempa=\box96
\@tempa=\box97
\@tempa=\box98
\@tempa=\box99
\@tempa=\box100
\@tempa=\box101
\@tempa=\box102
\@tempa=\box103
\@tempa=\box104
\@tempa=\box105
\@tempa=\box106
\@tempa=\box107
\@tempa=\box108
\@tempa=\box109
\@tempa=\box110
\@tempa=\box111
\@tempa=\box112
\@tempa=\box113
\@tempa=\box114
\@tempa=\box115
\@tempa=\box116
\@tempa=\box117
\@tempa=\box118
\@tempa=\box119
\@tempa=\box120
\@tempa=\box121
\@tempa=\box122
\c@minrows=\count333
\c@columnbadness=\count334
\c@finalcolumnbadness=\count335
\last@try=\dimen346
\multicolovershoot=\dimen347
\multicolundershoot=\dimen348
\mult@nat@firstbox=\box123
\colbreak@box=\box124
\mc@col@check@num=\count336
)
(C:\Users\DM\AppData\Local\Programs\MiKTeX\tex/latex/enumitem\enumitem.sty
Package: enumitem 2019/06/20 v3.9 Customized lists
\labelindent=\skip66
\enit@outerparindent=\dimen349
\enit@toks=\toks46
\enit@inbox=\box125
\enit@count@id=\count337
\enitdp@description=\count338
)
(C:\Users\DM\AppData\Local\Programs\MiKTeX\tex/latex/csquotes\csquotes.sty
Package: csquotes 2024-04-04 v5.2o context-sensitive quotations (JAW)
\csq@reset=\count339
\csq@gtype=\count340
\csq@glevel=\count341
\csq@qlevel=\count342
\csq@maxlvl=\count343
\csq@tshold=\count344
\csq@ltx@everypar=\toks47

(C:\Users\DM\AppData\Local\Programs\MiKTeX\tex/latex/csquotes\csquotes.def
File: csquotes.def 2024-04-04 v5.2o csquotes generic definitions (JAW)
)
Package csquotes Info: Trying to load configuration file 'csquotes.cfg'...
Package csquotes Info: ... configuration file loaded successfully.

(C:\Users\DM\AppData\Local\Programs\MiKTeX\tex/latex/csquotes\csquotes.cfg
File: csquotes.cfg 
))
(C:\Users\DM\AppData\Local\Programs\MiKTeX\tex/generic/pgf/frontendlayer/tikz/l
ibraries\tikzlibrarypatterns.code.tex
File: tikzlibrarypatterns.code.tex 2023-01-15 v3.1.10 (3.1.10)

(C:\Users\DM\AppData\Local\Programs\MiKTeX\tex/generic/pgf/libraries\pgflibrary
patterns.code.tex
File: pgflibrarypatterns.code.tex 2023-01-15 v3.1.10 (3.1.10)
))
\c@THM=\count345

(C:\Users\DM\AppData\Local\Programs\MiKTeX\tex/generic/babel\babel.sty
Package: babel 2024/08/29 v24.9 The Babel package
\babel@savecnt=\count346
\U@D=\dimen350
\l@unhyphenated=\language79

(C:\Users\DM\AppData\Local\Programs\MiKTeX\tex/generic/babel\txtbabel.def)
\bbl@readstream=\read4
\bbl@dirlevel=\count347

*************************************
* Local config file bblopts.cfg used
*
(C:\Users\DM\AppData\Local\Programs\MiKTeX\tex/latex/arabi\bblopts.cfg
File: bblopts.cfg 2005/09/08 v0.1 add Arabic and Farsi to "declared" options of
 babel
)
(C:\Users\DM\AppData\Local\Programs\MiKTeX\tex/latex/babel-serbian\serbian.ldf
Language: serbian 2022/09/30 2.2a Serbian Latin support for the Babel system
Package babel Info: Making " an active character on input line 46.
\srbl@lettering=\count348
))
(C:\Users\DM\AppData\Local\Programs\MiKTeX\tex/generic/babel/locale/sr\babel-se
rbian.tex
Package babel Info: Importing font and identification data for serbian
(babel)             from babel-sr-Latn.ini. Reported on input line 25.
)
(C:\Users\DM\AppData\Local\Programs\MiKTeX\tex/latex/psnfss\times.sty
Package: times 2020/03/25 PSNFSS-v9.3 (SPQR) 
)
(C:\Users\DM\AppData\Local\Programs\MiKTeX\tex/latex/psnfss\mathptmx.sty
Package: mathptmx 2020/03/25 PSNFSS-v9.3 Times w/ Math, improved (SPQR, WaS) 
LaTeX Font Info:    Redeclaring symbol font `operators' on input line 28.
LaTeX Font Info:    Overwriting symbol font `operators' in version `normal'
(Font)                  OT1/cmr/m/n --> OT1/ztmcm/m/n on input line 28.
LaTeX Font Info:    Overwriting symbol font `operators' in version `bold'
(Font)                  OT1/cmr/bx/n --> OT1/ztmcm/m/n on input line 28.
LaTeX Font Info:    Redeclaring symbol font `letters' on input line 29.
LaTeX Font Info:    Overwriting symbol font `letters' in version `normal'
(Font)                  OML/cmm/m/it --> OML/ztmcm/m/it on input line 29.
LaTeX Font Info:    Overwriting symbol font `letters' in version `bold'
(Font)                  OML/cmm/b/it --> OML/ztmcm/m/it on input line 29.
LaTeX Font Info:    Redeclaring symbol font `symbols' on input line 30.
LaTeX Font Info:    Overwriting symbol font `symbols' in version `normal'
(Font)                  OMS/cmsy/m/n --> OMS/ztmcm/m/n on input line 30.
LaTeX Font Info:    Overwriting symbol font `symbols' in version `bold'
(Font)                  OMS/cmsy/b/n --> OMS/ztmcm/m/n on input line 30.
LaTeX Font Info:    Redeclaring symbol font `largesymbols' on input line 31.
LaTeX Font Info:    Overwriting symbol font `largesymbols' in version `normal'
(Font)                  OMX/cmex/m/n --> OMX/ztmcm/m/n on input line 31.
LaTeX Font Info:    Overwriting symbol font `largesymbols' in version `bold'
(Font)                  OMX/cmex/m/n --> OMX/ztmcm/m/n on input line 31.
\symbold=\mathgroup8
\symitalic=\mathgroup9
LaTeX Font Info:    Redeclaring math alphabet \mathbf on input line 34.
LaTeX Font Info:    Overwriting math alphabet `\mathbf' in version `normal'
(Font)                  OT1/cmr/bx/n --> OT1/ptm/bx/n on input line 34.
LaTeX Font Info:    Overwriting math alphabet `\mathbf' in version `bold'
(Font)                  OT1/cmr/bx/n --> OT1/ptm/bx/n on input line 34.
LaTeX Font Info:    Redeclaring math alphabet \mathit on input line 35.
LaTeX Font Info:    Overwriting math alphabet `\mathit' in version `normal'
(Font)                  OT1/cmr/m/it --> OT1/ptm/m/it on input line 35.
LaTeX Font Info:    Overwriting math alphabet `\mathit' in version `bold'
(Font)                  OT1/cmr/bx/it --> OT1/ptm/m/it on input line 35.
LaTeX Info: Redefining \hbar on input line 50.
)
(C:\Users\DM\AppData\Local\Programs\MiKTeX\tex/latex/base\fontenc.sty
Package: fontenc 2021/04/29 v2.0v Standard LaTeX package
LaTeX Font Info:    Trying to load font information for T1+ptm on input line 11
6.

(C:\Users\DM\AppData\Local\Programs\MiKTeX\tex/latex/psnfss\t1ptm.fd
File: t1ptm.fd 2001/06/04 font definitions for T1/ptm.
))
(C:\Users\DM\AppData\Local\Programs\MiKTeX\tex/latex/inconsolata\inconsolata.st
y
Package: inconsolata 2019/05/17 v1.12
 `inconsolata-zi4' v1.12, 2019/05/17 Text macros for Inconsolata (msharpe)
(C:\Users\DM\AppData\Local\Programs\MiKTeX\tex/latex/base\textcomp.sty
Package: textcomp 2024/04/24 v2.1b Standard LaTeX package
)
(C:\Users\DM\AppData\Local\Programs\MiKTeX\tex/latex/xkeyval\xkeyval.sty
Package: xkeyval 2022/06/16 v2.9 package option processing (HA)

(C:\Users\DM\AppData\Local\Programs\MiKTeX\tex/generic/xkeyval\xkeyval.tex
(C:\Users\DM\AppData\Local\Programs\MiKTeX\tex/generic/xkeyval\xkvutils.tex
\XKV@toks=\toks48
\XKV@tempa@toks=\toks49
)
\XKV@depth=\count349
File: xkeyval.tex 2014/12/03 v2.7a key=value parser (HA)
))
\zifour@ocount=\count350
)
\c@ZAD=\count351
Package csquotes Info: Checking for multilingual support...
Package csquotes Info: ... found 'babel' package.
Package csquotes Info: Adjusting default style.
Package csquotes Info: Redefining alias 'default' -> 'serbian'.
(main-DS1.aux

LaTeX Warning: Label `Gersting' multiply defined.

)
\openout1 = `main-DS1.aux'.

LaTeX Font Info:    Checking defaults for OML/cmm/m/it on input line 368.
LaTeX Font Info:    ... okay on input line 368.
LaTeX Font Info:    Checking defaults for OMS/cmsy/m/n on input line 368.
LaTeX Font Info:    ... okay on input line 368.
LaTeX Font Info:    Checking defaults for OT1/cmr/m/n on input line 368.
LaTeX Font Info:    ... okay on input line 368.
LaTeX Font Info:    Checking defaults for T1/cmr/m/n on input line 368.
LaTeX Font Info:    ... okay on input line 368.
LaTeX Font Info:    Checking defaults for TS1/cmr/m/n on input line 368.
LaTeX Font Info:    ... okay on input line 368.
LaTeX Font Info:    Checking defaults for OMX/cmex/m/n on input line 368.
LaTeX Font Info:    ... okay on input line 368.
LaTeX Font Info:    Checking defaults for U/cmr/m/n on input line 368.
LaTeX Font Info:    ... okay on input line 368.
LaTeX Font Info:    Checking defaults for PD1/pdf/m/n on input line 368.
LaTeX Font Info:    ... okay on input line 368.
LaTeX Font Info:    Checking defaults for PU/pdf/m/n on input line 368.
LaTeX Font Info:    ... okay on input line 368.

(C:\Users\DM\AppData\Local\Programs\MiKTeX\tex/context/base/mkii\supp-pdf.mkii
[Loading MPS to PDF converter (version 2006.09.02).]
\scratchcounter=\count352
\scratchdimen=\dimen351
\scratchbox=\box126
\nofMPsegments=\count353
\nofMParguments=\count354
\everyMPshowfont=\toks50
\MPscratchCnt=\count355
\MPscratchDim=\dimen352
\MPnumerator=\count356
\makeMPintoPDFobject=\count357
\everyMPtoPDFconversion=\toks51
)
(C:\Users\DM\AppData\Local\Programs\MiKTeX\tex/latex/epstopdf-pkg\epstopdf-base
.sty
Package: epstopdf-base 2020-01-24 v2.11 Base part for package epstopdf
Package epstopdf-base Info: Redefining graphics rule for `.eps' on input line 4
85.

(C:\Users\DM\AppData\Local\Programs\MiKTeX\tex/latex/00miktex\epstopdf-sys.cfg
File: epstopdf-sys.cfg 2021/03/18 v2.0 Configuration of epstopdf for MiKTeX
))
Package hyperref Info: Link coloring ON on input line 368.
 (main-DS1.out) (main-DS1.out)
\@outlinefile=\write5
\openout5 = `main-DS1.out'.


(C:\Users\DM\AppData\Local\Programs\MiKTeX\tex/latex/upquote\upquote.sty
Package: upquote 2012/04/19 v1.3 upright-quote and grave-accent glyphs in verba
tim
)
<uns.jpg, id=262, 289.08pt x 287.0725pt>
File: uns.jpg Graphic file (type jpg)
<use uns.jpg>
Package pdftex.def Info: uns.jpg  used on input line 373.
(pdftex.def)             Requested size: 54.92577pt x 54.54433pt.
LaTeX Font Info:    Trying to load font information for T1+phv on input line 37
5.

(C:\Users\DM\AppData\Local\Programs\MiKTeX\tex/latex/psnfss\t1phv.fd
File: t1phv.fd 2020/03/25 scalable font definitions for T1/phv.
)
<pmfns.png, id=263, 312.41719pt x 310.91156pt>
File: pmfns.png Graphic file (type png)
<use pmfns.png>
Package pdftex.def Info: pmfns.png  used on input line 383.
(pdftex.def)             Requested size: 49.98776pt x 49.74686pt.


[1


{C:/Users/DM/AppData/Local/MiKTeX/fonts/map/pdftex/pdftex.map}{C:/Users/DM/AppD
ata/Local/Programs/MiKTeX/fonts/enc/dvips/base/8r.enc} <./uns.jpg> <./pmfns.png
>]
LaTeX Font Info:    Trying to load font information for OT1+ztmcm on input line
 401.
 (C:\Users\DM\AppData\Local\Programs\MiKTeX\tex/latex/psnfss\ot1ztmcm.fd
File: ot1ztmcm.fd 2000/01/03 Fontinst v1.801 font definitions for OT1/ztmcm.
)
LaTeX Font Info:    Trying to load font information for OML+ztmcm on input line
 401.

(C:\Users\DM\AppData\Local\Programs\MiKTeX\tex/latex/psnfss\omlztmcm.fd
File: omlztmcm.fd 2000/01/03 Fontinst v1.801 font definitions for OML/ztmcm.
)
LaTeX Font Info:    Trying to load font information for OMS+ztmcm on input line
 401.

(C:\Users\DM\AppData\Local\Programs\MiKTeX\tex/latex/psnfss\omsztmcm.fd
File: omsztmcm.fd 2000/01/03 Fontinst v1.801 font definitions for OMS/ztmcm.
)
LaTeX Font Info:    Trying to load font information for OMX+ztmcm on input line
 401.

(C:\Users\DM\AppData\Local\Programs\MiKTeX\tex/latex/psnfss\omxztmcm.fd
File: omxztmcm.fd 2000/01/03 Fontinst v1.801 font definitions for OMX/ztmcm.
)
LaTeX Font Info:    Trying to load font information for U+stmry on input line 4
01.

(C:\Users\DM\AppData\Local\Programs\MiKTeX\tex/latex/stmaryrd\ustmry.fd)
LaTeX Font Info:    Trying to load font information for U+wasy on input line 40
1.

(C:\Users\DM\AppData\Local\Programs\MiKTeX\tex/latex/wasysym\uwasy.fd
File: uwasy.fd 2020/01/19 v2.4 Wasy-2 symbol font definitions
)
LaTeX Font Info:    Trying to load font information for OT1+ptm on input line 4
01.

(C:\Users\DM\AppData\Local\Programs\MiKTeX\tex/latex/psnfss\ot1ptm.fd
File: ot1ptm.fd 2001/06/04 font definitions for OT1/ptm.
)
LaTeX Font Info:    Font shape `OT1/ptm/bx/n' in size <10.95> not available
(Font)              Font shape `OT1/ptm/b/n' tried instead on input line 401.
LaTeX Font Info:    Font shape `OT1/ptm/bx/n' in size <8> not available
(Font)              Font shape `OT1/ptm/b/n' tried instead on input line 401.
LaTeX Font Info:    Font shape `OT1/ptm/bx/n' in size <6> not available
(Font)              Font shape `OT1/ptm/b/n' tried instead on input line 401.
LaTeX Font Info:    Trying to load font information for TS1+ptm on input line 4
34.

(C:\Users\DM\AppData\Local\Programs\MiKTeX\tex/latex/psnfss\ts1ptm.fd
File: ts1ptm.fd 2001/06/04 font definitions for TS1/ptm.
)

[2] (predgovor.tex
Overfull \hbox (1.98035pt too wide) in paragraph at lines 4--5
\T1/ptm/m/n/10.95 ci-o-ne teh-no-lo-gi-je ko-ji slu-²a-ju kurs \T1/ptm/m/it/10.
95 Dis-kret-ne struk-tu-re 1 \T1/ptm/m/n/10.95 na Prirodno-matemati£kom
 []



[1


])
Underfull \hbox (badness 10000) in paragraph at lines 58--447

 []



[2]

[3]

[4

] (main-DS1.toc

[5

]

[6])
\tf@toc=\write6
\openout6 = `main-DS1.toc'.



[7] (ft03.tex
Glava 1.
LaTeX Font Info:    Trying to load font information for T1+zi4 on input line 22
.
(C:\Users\DM\AppData\Local\Programs\MiKTeX\tex/latex/inconsolata\t1zi4.fd
File: t1zi4.fd 2018/01/14 T1/zi4 (Inconsolata)
)
LaTeX Font Info:    Font shape `T1/zi4/m/n' will be
(Font)              scaled to size 10.95pt on input line 22.



pdfTeX warning (ext4): destination with the same identifier (name{page.1}) has 
been already used, duplicate ignored
<to be read again> 
                   \relax 
l.47 \clearpage
                [1


{C:/Users/DM/AppData/Local/Programs/MiKTeX/fonts/enc/dvips/inconsolata/i4-t1-0.
enc}]


pdfTeX warning (ext4): destination with the same identifier (name{page.2}) has 
been already used, duplicate ignored
<to be read again> 
                   \relax 
l.114         s
               imboli $\top$, $\bot$ i [2

]

[3]
Overfull \hbox (1.34999pt too wide) in paragraph at lines 220--235
$[]$ $[]$ 
 []


Underfull \hbox (badness 2443) in paragraph at lines 242--244
[]\T1/ptm/m/n/10.95 Ako u for-mu-li slo-va
 []


Overfull \hbox (37.48499pt too wide) in paragraph at lines 239--257
[] [] 
 []



[4]

[5]

[6]

[7]

[8]

[9]
Overfull \hbox (0.54625pt too wide) in paragraph at lines 739--740
[]\T1/ptm/m/n/10.95 Krenu¢emo od for-mu-le sa de-sne stra-ne i pri-me-ni-ti niz
 ekvi-va-lent-nih trans-
 []



[10

]

[11]
Overfull \hbox (1.76004pt too wide) in paragraph at lines 833--834
[][]\T1/ptm/b/n/10.95 Primer 1.21. []\T1/ptm/m/n/10.95 Odre-di-ti ko-njunk-tiv-
nu i dis-junk-tiv-nu nor-mal-nu for-mu for-mu-le []. 
 []



[12]

[13

]

[14]

[15]
LaTeX Font Info:    Font shape `OT1/ptm/bx/n' in size <9> not available
(Font)              Font shape `OT1/ptm/b/n' tried instead on input line 1023.
LaTeX Font Info:    Font shape `OT1/ptm/bx/n' in size <7> not available
(Font)              Font shape `OT1/ptm/b/n' tried instead on input line 1023.


[16]

[17]

[18]
LaTeX Font Info:    Font shape `T1/zi4/m/n' will be
(Font)              scaled to size 10.0pt on input line 1508.


[19]

[20]

[21]

[22]

[23]

[24]

[25

]

[26]

[27]

[28]

[29]

[30]

[31]) (ft02.tex

[32]
Glava 2.


[33

]
Overfull \hbox (1.17819pt too wide) in paragraph at lines 208--212
[]\T1/ptm/m/n/10.95 Prvi elek-tron-ski ra-£u-nar, ENI-AC, (ko-ji je pro-ra-dio 
na Uni-ver-zi-te-tu Ili-no-is, SAD,
 []


Underfull \hbox (badness 10000) in paragraph at lines 208--212
\T1/ptm/m/n/10.95 je po-treb-no 10 elek-tron-skih ce-vi, od ko-jih je sa-mo jed
-na ra-di-la u
 []


Underfull \hbox (badness 10000) in paragraph at lines 208--212

 []



[34]

[35]

[36]

[37

]

[38]
LaTeX Font Info:    Font shape `OT1/ptm/bx/n' in size <10> not available
(Font)              Font shape `OT1/ptm/b/n' tried instead on input line 615.
LaTeX Font Info:    Font shape `OT1/ptm/bx/n' in size <7.4> not available
(Font)              Font shape `OT1/ptm/b/n' tried instead on input line 615.


[39] (ft02-polusab.pgf) (ft02-sab.pgf)

[40]

[41]

[42]
<Alien1.jpg, id=741, 919.93687pt x 855.195pt>
File: Alien1.jpg Graphic file (type jpg)
<use Alien1.jpg>
Package pdftex.def Info: Alien1.jpg  used on input line 876.
(pdftex.def)             Requested size: 183.98412pt x 171.03596pt.


[43 <./Alien1.jpg>] (ft02-c.pgf)

[44]) (ft05-novo.tex

[45]

[46

]
Glava 3.


[47]

[48]

Package amsthm Warning: The \qedhere command may not work correctly here on inp
ut line 132.



[49]

[50]

[51]

[52]

[53]

[54]

[55]

[56]

[57]

[58]

[59]

[60] (ft05-jedan-potez.pgf)

[61] (ft05-jedan-potez-2.pgf)
Underfull \vbox (badness 1033) has occurred while \output is active []



[62]

[63]

[64]

[65]

[66]

[67]

[68]

[69]

[70]

[71]

[72]
LaTeX Font Info:    Trying to load font information for TS1+zi4 on input line 1
518.
 (C:\Users\DM\AppData\Local\Programs\MiKTeX\tex/latex/inconsolata\ts1zi4.fd
File: ts1zi4.fd 2018/01/14 TS1/zi4 (Inconsolata)
)
LaTeX Font Info:    Font shape `TS1/zi4/m/n' will be
(Font)              scaled to size 10.95pt on input line 1518.


[73{C:/Users/DM/AppData/Local/Programs/MiKTeX/fonts/enc/dvips/inconsolata/i4-ts
1.enc}]

[74]

[75]

[76]

[77]

[78] (ft05-1smerija1.pgf)

[79] (ft05-1smerija2.pgf) (ft05-1smerija3.pgf)

[80] (ft05-coko-n.pgf) (ft05-coko-12.pgf)

[81

]

[82]

[83]

[84]

[85]

[86]

[87]

[88]) (ft06.tex

[89]

[90

]
Glava 4.
(ft06-sk2.pgf) (ft06-sk1.pgf)

[91] (ft06-sk4.pgf)
Overfull \hbox (39.56549pt too wide) in paragraph at lines 55--69
$[]$  $[]$ 
 []



[92

] (ft06-sk3.pgf)
Overfull \hbox (39.56549pt too wide) in paragraph at lines 142--159
$[]$  $[]$ 
 []



[93] (ft06-sk5.pgf)
Overfull \hbox (39.56549pt too wide) in paragraph at lines 196--211
$[]$  $[]$ 
 []



[94] (ft06-sk6.pgf)

[95]

[96]
Overfull \hbox (2.21565pt too wide) in paragraph at lines 334--337
\T1/ptm/m/n/10.95 £i-nje-ni-ca ne-spor-na, dru-ga za-vre-žu-je ma-li ko-men-tar
. Pod-se-ti-mo se da je $\OMS/ztmcm/m/n/10.95 f\OT1/ztmcm/m/n/10.95 1\OML/ztmcm
/m/it/10.95 ; \OT1/ztmcm/m/n/10.95 1\OML/ztmcm/m/it/10.95 ; \OT1/ztmcm/m/n/10.9
5 1\OML/ztmcm/m/it/10.95 ; \OT1/ztmcm/m/n/10.95 1\OMS/ztmcm/m/n/10.95 g \OT1/zt
mcm/m/n/10.95 =
 []

(ft06-sk7.pgf)

[97] (ft06-sk8.pgf)

[98] (ft06-sk9a.pgf)
Overfull \hbox (39.56549pt too wide) in paragraph at lines 440--454
$[]$  $[]$ 
 []

(ft06-sk9b.pgf)
Overfull \hbox (39.56549pt too wide) in paragraph at lines 457--471
$[]$  $[]$ 
 []

(ft06-sk9c.pgf)
Overfull \hbox (39.56549pt too wide) in paragraph at lines 474--487
$[]$  $[]$ 
 []

(ft06-sk9d.pgf)
Overfull \hbox (39.56549pt too wide) in paragraph at lines 490--502
$[]$  $[]$ 
 []

(ft06-sk9e.pgf)
Overfull \hbox (39.56549pt too wide) in paragraph at lines 505--515
$[]$  $[]$ 
 []



[99] (ft06-sk9f.pgf)
Overfull \hbox (39.56549pt too wide) in paragraph at lines 518--529
$[]$  $[]$ 
 []

(ft06-sk9g.pgf)
Overfull \hbox (39.56549pt too wide) in paragraph at lines 532--543
$[]$  $[]$ 
 []

(ft06-sk10a.pgf)
Overfull \hbox (39.56549pt too wide) in paragraph at lines 549--560
$[]$  $[]$ 
 []

(ft06-sk10b.pgf)
Overfull \hbox (39.56549pt too wide) in paragraph at lines 563--574
$[]$  $[]$ 
 []


Underfull \vbox (badness 10000) has occurred while \output is active []



[100] (ft06-sk10c.pgf)
Overfull \hbox (39.56549pt too wide) in paragraph at lines 577--588
$[]$  $[]$ 
 []

(ft06-sk10d.pgf)
Overfull \hbox (39.56549pt too wide) in paragraph at lines 591--605
$[]$  $[]$ 
 []

(ft06-sk10e.pgf)
Overfull \hbox (39.56549pt too wide) in paragraph at lines 608--627
$[]$  $[]$ 
 []

(ft06-sk10f.pgf)
Overfull \hbox (39.56549pt too wide) in paragraph at lines 630--644
$[]$  $[]$ 
 []



[101]

[102]

[103] (ft06-sk11.pgf)
Overfull \hbox (39.56549pt too wide) in paragraph at lines 820--838
$[]$  $[]$ 
 []



[104] (ft06-sk12.pgf)
Overfull \hbox (39.56549pt too wide) in paragraph at lines 841--859
$[]$  $[]$ 
 []



[105]

Package amsthm Warning: The \qedhere command may not work correctly here on inp
ut line 922.


Package amsthm Warning: The \qedhere command may not work correctly here on inp
ut line 934.


Overfull \hbox (2.18993pt too wide) in paragraph at lines 944--944
[]\T1/ptm/m/n/10.95 ...| 
 []



[106]
Overfull \hbox (12.4851pt too wide) in paragraph at lines 979--982
\T1/ptm/m/n/10.95 Da bi-smo odre-di-li $\OMS/ztmcm/m/n/10.95 j\OML/ztmcm/m/it/1
0.95 A \OMS/ztmcm/m/n/10.95 [ \OML/ztmcm/m/it/10.95 B \OMS/ztmcm/m/n/10.95 [ \O
ML/ztmcm/m/it/10.95 C\OMS/ztmcm/m/n/10.95 j$ \T1/ptm/m/n/10.95 ko-ri-sti-mo Pri
n-cip uklju£enja-isklju£enja (Te-o-re-ma [][]4.17[][]).
 []



[107]
Overfull \hbox (8.37839pt too wide) in paragraph at lines 1029--1030
[]\T1/ptm/m/n/10.95 proizvod sa ²i-from 18779 se zo-ve [][]\T1/zi4/m/n/10.95 "H
P LaserJet MFP M236sdw 9YG09A"
 []



[108]

[109] (ft07-r1.pgf)
Overfull \hbox (39.56549pt too wide) in paragraph at lines 1117--1131
$[]$  $[]$ 
 []

(ft07-r2.pgf)
Overfull \hbox (39.56549pt too wide) in paragraph at lines 1134--1153
$[]$  $[]$ 
 []

(ft07-r3.pgf)
Overfull \hbox (39.56549pt too wide) in paragraph at lines 1156--1171
$[]$  $[]$ 
 []



[110]

[111]

[112]

LaTeX Font Warning: Command \small invalid in math mode on input line 1332.


LaTeX Font Warning: Command \small invalid in math mode on input line 1332.


LaTeX Font Warning: Command \small invalid in math mode on input line 1332.


LaTeX Font Warning: Command \small invalid in math mode on input line 1332.


LaTeX Font Warning: Command \small invalid in math mode on input line 1332.


LaTeX Font Warning: Command \small invalid in math mode on input line 1332.


LaTeX Font Warning: Command \small invalid in math mode on input line 1332.


LaTeX Font Warning: Command \small invalid in math mode on input line 1332.


Underfull \vbox (badness 1303) has occurred while \output is active []



[113]

[114]

[115]

[116]

[117]
Overfull \hbox (2.7237pt too wide) in paragraph at lines 1614--1614
[]\T1/ptm/m/n/10.95 Dokazati sle-de-¢e sku-pov-ne jed-na-ko-sti, za pod-sku-po-
ve $\OML/ztmcm/m/it/10.95 A; B; C; D; E; M; X; Y$
 []

) (ft04.tex

[118]
Glava 5.


[119

]
Overfull \hbox (20.94254pt too wide) detected at line 68
[]
 []



[120]

[121]

[122]

[123] (ft07-r12.pgf)
Overfull \hbox (39.56549pt too wide) in paragraph at lines 287--302
$[]$  $[]$ 
 []

(ft07-r14.pgf)
Overfull \hbox (39.56549pt too wide) in paragraph at lines 358--373
$[]$  $[]$ 
 []



[124]
Overfull \hbox (5.77458pt too wide) in paragraph at lines 406--407
[][]\T1/ptm/b/n/10.95 Primer 5.11. []\T1/ptm/m/n/10.95 Na-¢i kon-tra-mo-del for
-mu-le $\OT1/ztmcm/m/n/10.95 (\OMS/ztmcm/m/n/10.95 8\OML/ztmcm/m/it/10.95 x\OT1
/ztmcm/m/n/10.95 )(\OMS/ztmcm/m/n/10.95 8\OML/ztmcm/m/it/10.95 y\OT1/ztmcm/m/n/
10.95 )(\OML/ztmcm/m/it/10.95 P\OT1/ztmcm/m/n/10.95 (\OML/ztmcm/m/it/10.95 x; y
\OT1/ztmcm/m/n/10.95 ) \OMS/ztmcm/m/n/10.95 ) \OT1/ztmcm/m/n/10.95 (\OMS/ztmcm/
m/n/10.95 9\OML/ztmcm/m/it/10.95 z\OT1/ztmcm/m/n/10.95 )(\OML/ztmcm/m/it/10.95 
P\OT1/ztmcm/m/n/10.95 (\OML/ztmcm/m/it/10.95 x; z\OT1/ztmcm/m/n/10.95 ) \OMS/zt
mcm/m/n/10.95 ^ \OML/ztmcm/m/it/10.95 P\OT1/ztmcm/m/n/10.95 (\OML/ztmcm/m/it/10
.95 z; y\OT1/ztmcm/m/n/10.95 )))$\T1/ptm/m/n/10.95 . 
 []



[125]

[126]

[127]

[128]
Overfull \hbox (0.54625pt too wide) in paragraph at lines 703--704
[]\T1/ptm/m/n/10.95 Krenu¢emo od for-mu-le sa de-sne stra-ne i pri-me-ni-ti niz
 ekvi-va-lent-nih trans-
 []



[129]

[130]

[131]

[132]

[133]

[134]
Overfull \hbox (9.24992pt too wide) detected at line 1370
\OT1/ztmcm/m/n/10.95 (\OMS/ztmcm/m/n/10.95 8\OML/ztmcm/m/it/10.95 p\OT1/ztmcm/m
/n/10.95 )(0 \U/msa/m/n/10.95 6 \OML/ztmcm/m/it/10.95 p < i \OMS/ztmcm/m/n/10.9
5 ) \OT1/ztmcm/m/n/10.95 (\OMS/ztmcm/m/n/10.95 8\OML/ztmcm/m/it/10.95 q\OT1/ztm
cm/m/n/10.95 )(\OML/ztmcm/m/it/10.95 p \U/msa/m/n/10.95 6 \OML/ztmcm/m/it/10.95
 q < n \OMS/ztmcm/m/n/10.95 ) \OML/ztmcm/m/it/10.95 A\OT1/ztmcm/m/n/10.95 [\OML
/ztmcm/m/it/10.95 p\OT1/ztmcm/m/n/10.95 ] \U/msa/m/n/10.95 6 \OML/ztmcm/m/it/10
.95 A\OT1/ztmcm/m/n/10.95 [\OML/ztmcm/m/it/10.95 q\OT1/ztmcm/m/n/10.95 ]))   \O
MS/ztmcm/m/n/10.95 ^   \OT1/ztmcm/m/n/10.95 (\OMS/ztmcm/m/n/10.95 8\OML/ztmcm/m
/it/10.95 q\OT1/ztmcm/m/n/10.95 )(\OML/ztmcm/m/it/10.95 i \U/msa/m/n/10.95 6 \O
ML/ztmcm/m/it/10.95 q < n \OMS/ztmcm/m/n/10.95 ) \OML/ztmcm/m/it/10.95 A\OT1/zt
mcm/m/n/10.95 [\OML/ztmcm/m/it/10.95 m\OT1/ztmcm/m/n/10.95 ] \U/msa/m/n/10.95 6
 \OML/ztmcm/m/it/10.95 A\OT1/ztmcm/m/n/10.95 [\OML/ztmcm/m/it/10.95 q\OT1/ztmcm
/m/n/10.95 ])\OML/ztmcm/m/it/10.95 :
 []


Overfull \hbox (4.38806pt too wide) detected at line 1377
\OT1/ztmcm/m/n/10.95 (\OMS/ztmcm/m/n/10.95 8\OML/ztmcm/m/it/10.95 p\OT1/ztmcm/m
/n/10.95 )(0 \U/msa/m/n/10.95 6 \OML/ztmcm/m/it/10.95 p < i \OMS/ztmcm/m/n/10.9
5 ) \OT1/ztmcm/m/n/10.95 (\OMS/ztmcm/m/n/10.95 8\OML/ztmcm/m/it/10.95 q\OT1/ztm
cm/m/n/10.95 )(\OML/ztmcm/m/it/10.95 p \U/msa/m/n/10.95 6 \OML/ztmcm/m/it/10.95
 q < n \OMS/ztmcm/m/n/10.95 ) \OML/ztmcm/m/it/10.95 A\OT1/ztmcm/m/n/10.95 [\OML
/ztmcm/m/it/10.95 p\OT1/ztmcm/m/n/10.95 ] \U/msa/m/n/10.95 6 \OML/ztmcm/m/it/10
.95 A\OT1/ztmcm/m/n/10.95 [\OML/ztmcm/m/it/10.95 q\OT1/ztmcm/m/n/10.95 ]))   \O
MS/ztmcm/m/n/10.95 ^   \OT1/ztmcm/m/n/10.95 (\OMS/ztmcm/m/n/10.95 8\OML/ztmcm/m
/it/10.95 q\OT1/ztmcm/m/n/10.95 )(\OML/ztmcm/m/it/10.95 i \U/msa/m/n/10.95 6 \O
ML/ztmcm/m/it/10.95 q < n \OMS/ztmcm/m/n/10.95 ) \OML/ztmcm/m/it/10.95 A\OT1/zt
mcm/m/n/10.95 [\OML/ztmcm/m/it/10.95 i\OT1/ztmcm/m/n/10.95 ] \U/msa/m/n/10.95 6
 \OML/ztmcm/m/it/10.95 A\OT1/ztmcm/m/n/10.95 [\OML/ztmcm/m/it/10.95 q\OT1/ztmcm
/m/n/10.95 ])\OML/ztmcm/m/it/10.95 :
 []



[135]

[136]
Overfull \hbox (24.36246pt too wide) in paragraph at lines 1453--1453
[]$\OT1/ztmcm/m/n/10.95 (\OMS/ztmcm/m/n/10.95 9\OML/ztmcm/m/it/10.95 x\OT1/ztmc
m/m/n/10.95 )(\OMS/ztmcm/m/n/10.95 9\OML/ztmcm/m/it/10.95 y\OT1/ztmcm/m/n/10.95
 )[][]\OML/ztmcm/m/it/10.95 S\OT1/ztmcm/m/n/10.95 (\OML/ztmcm/m/it/10.95 x; y\O
T1/ztmcm/m/n/10.95 ) \OMS/ztmcm/m/n/10.95 _ \OML/ztmcm/m/it/10.95 R\OT1/ztmcm/m
/n/10.95 (\OML/ztmcm/m/it/10.95 x; y\OT1/ztmcm/m/n/10.95 )[] \OMS/ztmcm/m/n/10.
95 ) \OT1/ztmcm/m/n/10.95 (\OMS/ztmcm/m/n/10.95 9\OML/ztmcm/m/it/10.95 z\OT1/zt
mcm/m/n/10.95 )\OMS/ztmcm/m/n/10.95 :[]\OML/ztmcm/m/it/10.95 S\OT1/ztmcm/m/n/10
.95 (\OML/ztmcm/m/it/10.95 x; z\OT1/ztmcm/m/n/10.95 ) \OMS/ztmcm/m/n/10.95 ^ \O
ML/ztmcm/m/it/10.95 S\OT1/ztmcm/m/n/10.95 (\OML/ztmcm/m/it/10.95 z; y\OT1/ztmcm
/m/n/10.95 ) \OMS/ztmcm/m/n/10.95 ^ \OML/ztmcm/m/it/10.95 R\OT1/ztmcm/m/n/10.95
 (\OML/ztmcm/m/it/10.95 x; y\OT1/ztmcm/m/n/10.95 ) \OMS/ztmcm/m/n/10.95 ) \OML/
ztmcm/m/it/10.95 T\OT1/ztmcm/m/n/10.95 (\OML/ztmcm/m/it/10.95 x; y\OT1/ztmcm/m/
n/10.95 )[][];$ 
 []



[137

]) (ft07-novo.tex

[138]
Glava 6.
(ft07-slicnost.pgf)

[139

]

[140] (ft07-01-nizovi.pgf)

[141]

[142]

[143]

[144] (ft07-r5.pgf)
Overfull \hbox (39.56549pt too wide) in paragraph at lines 285--309
$[]$  $[]$ 
 []



[145]

[146]

[147]

[148]
Overfull \hbox (1.24936pt too wide) in paragraph at lines 585--588
[]\T1/ptm/m/n/10.95 Dokaºimo sa-da an-ti-si-me-tri£-nost. Ne-ka je $\OT1/ztmcm/
m/n/10.95 (\OML/ztmcm/m/it/10.95 a[]; a[]\OT1/ztmcm/m/n/10.95 ) \U/msa/m/n/10.9
5 4 \OT1/ztmcm/m/n/10.95 (\OML/ztmcm/m/it/10.95 b[]; b[]\OT1/ztmcm/m/n/10.95 )$
 \T1/ptm/m/n/10.95 i $\OT1/ztmcm/m/n/10.95 (\OML/ztmcm/m/it/10.95 b[]; b[]\OT1/
ztmcm/m/n/10.95 ) \U/msa/m/n/10.95 4 \OT1/ztmcm/m/n/10.95 (\OML/ztmcm/m/it/10.9
5 a[]; a[]\OT1/ztmcm/m/n/10.95 )$\T1/ptm/m/n/10.95 .
 []



[149]
Overfull \hbox (11.15857pt too wide) in paragraph at lines 604--606
[]\T1/ptm/m/n/10.95 Da bi-smo po-ka-za-li tran-zi-tiv-nost pret-po-sta-vi-mo da
 je $\OT1/ztmcm/m/n/10.95 (\OML/ztmcm/m/it/10.95 a[]; a[]\OT1/ztmcm/m/n/10.95 )
 \U/msa/m/n/10.95 4 \OT1/ztmcm/m/n/10.95 (\OML/ztmcm/m/it/10.95 b[]; b[]\OT1/zt
mcm/m/n/10.95 )$ \T1/ptm/m/n/10.95 i $\OT1/ztmcm/m/n/10.95 (\OML/ztmcm/m/it/10.
95 b[]; b[]\OT1/ztmcm/m/n/10.95 ) \U/msa/m/n/10.95 4
 []



[150]

[151]
Overfull \hbox (16.14195pt too wide) in paragraph at lines 744--746
[][]\T1/ptm/b/n/10.95 Primer 6.20. []\T1/ptm/m/n/10.95 Re-la-ci-ja de-lji-vo-st
i $\OMS/ztmcm/m/n/10.95 j$ \T1/ptm/m/n/10.95 je re-la-ci-ja po-ret-ka na sku-pu
 $\OMS/ztmcm/m/n/10.95 f\OT1/ztmcm/m/n/10.95 1\OML/ztmcm/m/it/10.95 ; \OT1/ztmc
m/m/n/10.95 2\OML/ztmcm/m/it/10.95 ; \OT1/ztmcm/m/n/10.95 3\OML/ztmcm/m/it/10.9
5 ; \OT1/ztmcm/m/n/10.95 4\OML/ztmcm/m/it/10.95 ; \OT1/ztmcm/m/n/10.95 5\OML/zt
mcm/m/it/10.95 ; \OT1/ztmcm/m/n/10.95 6\OML/ztmcm/m/it/10.95 ; \OT1/ztmcm/m/n/1
0.95 7\OML/ztmcm/m/it/10.95 ; \OT1/ztmcm/m/n/10.95 8\OML/ztmcm/m/it/10.95 ; \OT
1/ztmcm/m/n/10.95 9\OML/ztmcm/m/it/10.95 ; \OT1/ztmcm/m/n/10.95 10\OMS/ztmcm/m/
n/10.95 g$
 []

(ft07-r6a.pgf)
Overfull \hbox (39.56549pt too wide) in paragraph at lines 750--760
$[]$  $[]$ 
 []

(ft07-r6b.pgf)
Overfull \hbox (39.56549pt too wide) in paragraph at lines 763--773
$[]$  $[]$ 
 []

(ft07-r6c.pgf)
Overfull \hbox (39.56549pt too wide) in paragraph at lines 776--787
$[]$  $[]$ 
 []

(ft07-r6d.pgf)
Overfull \hbox (39.56549pt too wide) in paragraph at lines 790--801
$[]$  $[]$ 
 []



[152] (ft07-r6e.pgf)
Overfull \hbox (39.56549pt too wide) in paragraph at lines 815--826
$[]$  $[]$ 
 []

(ft07-r6f.pgf)
Overfull \hbox (39.56549pt too wide) in paragraph at lines 829--841
$[]$  $[]$ 
 []

(ft07-r6g.pgf)
Overfull \hbox (39.56549pt too wide) in paragraph at lines 844--855
$[]$  $[]$ 
 []

(ft07-r6h.pgf)
Overfull \hbox (39.56549pt too wide) in paragraph at lines 858--869
$[]$  $[]$ 
 []

(ft07-r6i.pgf)
Overfull \hbox (39.56549pt too wide) in paragraph at lines 872--883
$[]$  $[]$ 
 []


Underfull \vbox (badness 2027) has occurred while \output is active []



[153] (ft07-r6z.pgf)
Overfull \hbox (39.56549pt too wide) in paragraph at lines 886--897
$[]$  $[]$ 
 []

(ft07-r7.pgf)
Overfull \hbox (39.56549pt too wide) in paragraph at lines 900--913
$[]$  $[]$ 
 []

(ft07-r8.pgf)
Overfull \hbox (39.56549pt too wide) in paragraph at lines 916--931
$[]$  $[]$ 
 []



[154]
Underfull \hbox (badness 7030) in paragraph at lines 958--960
[]| \T1/ptm/m/n/10.95 Re-la-ci-ja po-ret-ka $\OMS/ztmcm/m/n/10.95 j$ \T1/ptm/m/
n/10.95 (de-lji-vost) na sku-pu
 []

(ft07-r10.pgf)
Overfull \hbox (39.56549pt too wide) in paragraph at lines 956--967
$[]$  $[]$ 
 []

(ft07-r6z.pgf) (ft07-r10.pgf)

[155] (ft07-r11.pgf)
Overfull \hbox (39.56549pt too wide) in paragraph at lines 1001--1015
$[]$  $[]$ 
 []

(ft07-r10.pgf)

[156]

[157]

[158

]

[159]

[160]

[161]) (ft08-novo.tex

[162]
Glava 7.


[163

]
Overfull \hbox (1.99802pt too wide) in paragraph at lines 68--75
[]\T1/ptm/m/n/10.95 Funkcionalna za-vi-snost pred-sta-vlja fun-da-men-tal-ni ko
n-cept za ope-ra-tiv-no uprav-
 []



[164] (ft08-f1.pgf)

[165] (ft08-f2.pgf)

[166] (ft08-f3.pgf)
Overfull \hbox (39.56549pt too wide) in paragraph at lines 249--266
$[]$  $[]$ 
 []



[167

] (ft08-f11.pgf)

[168] (ft08-f5.pgf)

[169] (ft08-f6.pgf)

[170] (ft08-f7.pgf)

[171] (ft08-f8.pgf)

[172] (ft08-f10.pgf)

[173] (ft08-f12.pgf)
Overfull \hbox (39.56549pt too wide) in paragraph at lines 613--631
$[]$  $[]$ 
 []



[174]

[175] (ft08-f7.pgf)

[176] (ft08-f13.pgf) (ft08-f14.pgf)

[177]

Package amsthm Warning: The \qedhere command may not work correctly here on inp
ut line 819.

(ft08-f15.pgf)
Overfull \hbox (39.56549pt too wide) in paragraph at lines 810--829
$[]$  $[]$ 
 []



[178] (ft08-f16.pgf)
Overfull \hbox (39.56549pt too wide) in paragraph at lines 882--898
$[]$  $[]$ 
 []

(ft08-f17.pgf)
Overfull \hbox (39.56549pt too wide) in paragraph at lines 901--920
$[]$  $[]$ 
 []



[179]

Package amsthm Warning: The \qedhere command may not work correctly here on inp
ut line 960.



[180]

[181]

[182]

[183]
Overfull \hbox (10.33817pt too wide) in paragraph at lines 1162--1165
[]\T1/ptm/m/n/10.95 Ve¢ smo vi-de-li da je $\OMS/ztmcm/m/n/10.95 j\U/msb/m/n/10
.95 N\OMS/ztmcm/m/n/10.95 j \OML/ztmcm/m/it/10.95 < \OMS/ztmcm/m/n/10.95 j\U/ms
b/m/n/10.95 R\OMS/ztmcm/m/n/10.95 j$\T1/ptm/m/n/10.95 , a pret-hod-na te-o-re-m
a nam ka-ºe da je [].
 []



[184]

[185]

[186]
Overfull \hbox (3.32849pt too wide) in paragraph at lines 1361--1361
[]$\OML/ztmcm/m/it/10.95 f\OT1/ztmcm/m/n/10.95 (\OML/ztmcm/m/it/10.95 n\OT1/ztm
cm/m/n/10.95 ) = []$ 
 []



[187

]) (resenja.tex

[188]
Glava 8.


[189

]

[190]
Underfull \vbox (badness 4967) has occurred while \output is active []



[191]

[192]
Overfull \hbox (16.40959pt too wide) detected at line 150
[]
 []



[193]
Overfull \hbox (1.70778pt too wide) in paragraph at lines 204--205
[]\T1/ptm/m/n/10.95 Proverimo da li je is-ka-zna for-mu-la ta-u-to-lo-gi-ja di-
sku-si-jom po slo-vu. Za $\OML/ztmcm/m/it/10.95 v\OT1/ztmcm/m/n/10.95 (\OML/ztm
cm/m/it/10.95 p\OT1/ztmcm/m/n/10.95 ) =
 []



[194]

[195]

[196]
Underfull \vbox (badness 1189) has occurred while \output is active []



[197]
Overfull \hbox (13.57968pt too wide) in paragraph at lines 422--426
[][]\T1/ptm/b/n/10.95 2.2[][].$\OT1/ztmcm/m/n/10.95 12312 = 121220000[]$\T1/ptm
/m/n/10.95 ; $\OT1/ztmcm/m/n/10.95 9999 = 14640[]$\T1/ptm/m/n/10.95 ; $\OT1/ztm
cm/m/n/10.95 32768 = 2[] = 1000000000000000[]$\T1/ptm/m/n/10.95 . 
 []


Overfull \hbox (0.2609pt too wide) in paragraph at lines 444--451
[][]\T1/ptm/b/n/10.95 2.9[][].$\OT1/ztmcm/m/n/10.95 65312 = \OML/ztmcm/m/it/10.
95 FF\OT1/ztmcm/m/n/10.95 20[]$\T1/ptm/m/n/10.95 ; $\OT1/ztmcm/m/n/10.95 4832 =
 12\OML/ztmcm/m/it/10.95 E\OT1/ztmcm/m/n/10.95 0[]$\T1/ptm/m/n/10.95 ; $\OT1/zt
mcm/m/n/10.95 33261 = 81\OML/ztmcm/m/it/10.95 ED[]$\T1/ptm/m/n/10.95 ; $\OT1/zt
mcm/m/n/10.95 415 = 19\OML/ztmcm/m/it/10.95 F[]$\T1/ptm/m/n/10.95 ; $\OT1/ztmcm
/m/n/10.95 22 =
 []


Overfull \hbox (8.49799pt too wide) in paragraph at lines 452--456
[][]\T1/ptm/b/n/10.95 2.10[][].$\OT1/ztmcm/m/n/10.95 1101001010111[] = 1\OMS/zt
mcm/m/n/10.95 j\OT1/ztmcm/m/n/10.95 1010\OMS/ztmcm/m/n/10.95 j\OT1/ztmcm/m/n/10
.95 0101\OMS/ztmcm/m/n/10.95 j\OT1/ztmcm/m/n/10.95 0111 = 1\OML/ztmcm/m/it/10.9
5 A\OT1/ztmcm/m/n/10.95 57[]$\T1/ptm/m/n/10.95 ; $\OT1/ztmcm/m/n/10.95 10001000
10001000[] =
 []



[198]

[199]

[200]

[201]

[202]

[203]

[204]

[205]

[206

]

[207]

[208

]

[209]
Underfull \vbox (badness 1983) has occurred while \output is active []



[210]

[211]

[212]

[213]

[214]

[215

]

[216]

[217]

[218]

[219]

[220]

[221]

[222]

[223

]

[224]

[225]

[226]

[227]

[228]

[229] (samir8-2.pgf)

[230

] (samir8-4.pgf)

[231

]

[232

]

[233]

[234]

[235]

[236

]
Overfull \hbox (4.31062pt too wide) in paragraph at lines 1817--1819
[]\T1/ptm/m/n/10.95 Preostaje jo² sa-mo da se po-ka-ºe tran-zi-tiv-nost. Ne-ka 
su $\OT1/ztmcm/m/n/10.95 (\OML/ztmcm/m/it/10.95 x[]; y[]\OT1/ztmcm/m/n/10.95 )\
OML/ztmcm/m/it/10.95 ; \OT1/ztmcm/m/n/10.95 (\OML/ztmcm/m/it/10.95 x[]; y[]\OT1
/ztmcm/m/n/10.95 )\OML/ztmcm/m/it/10.95 ; \OT1/ztmcm/m/n/10.95 (\OML/ztmcm/m/it
/10.95 x[]; y[]\OT1/ztmcm/m/n/10.95 ) \OMS/ztmcm/m/n/10.95 2
 []

(samir9-7-b.pgf)
Underfull \vbox (badness 4072) has occurred while \output is active []



[237] (samir9-7-c.pgf) (samir9-7-f.pgf)

[238] (samir9-8.pgf) (samir9-9-a.pgf)

[239] (samir9-9-d.pgf)

[240] (samir9-10-a.pgf) (samir9-10-d.pgf)
Underfull \vbox (badness 1742) has occurred while \output is active []



[241

] (samir11-1-a.pgf)

[242] (samir11-1-d.pgf) (samir11-1-f.pgf)

[243]

[244] (samir11-5-a.pgf)
Overfull \hbox (15.93301pt too wide) in paragraph at lines 439--2027
 [] 
 []



[245

] (samir11-5-d-1.pgf)
Overfull \hbox (15.93301pt too wide) in paragraph at lines 418--2040
 [] 
 []

(samir11-5-d-2.pgf)

[246]

[247]

[248]

[249]
Overfull \hbox (3.22258pt too wide) in paragraph at lines 2143--2144
[]\T1/ptm/m/n/10.95 Pokaºimo da je $\OML/ztmcm/m/it/10.95 f$ \T1/ptm/m/n/10.95 
bi-jek-ci-ja. Naj-pre do-ka-ºi-mo in-jek-tiv-nost. Ne-ka je $\OML/ztmcm/m/it/10
.95 f\OT1/ztmcm/m/n/10.95 (\OML/ztmcm/m/it/10.95 x[]; y[]\OT1/ztmcm/m/n/10.95 )
 =
 []



[250])

[251]

[252

] (literatura.tex)

[253


pdfTeX warning (ext4): destination with the same identifier (name{cite.Gersting
}) has been already used, duplicate ignored
<argument> ...shipout:D \box_use:N \l_shipout_box 
                                                  \__shipout_drop_firstpage_...
l.473 \end{document}
                    ] (main-DS1.aux)
 ***********
LaTeX2e <2024-06-01> patch level 2
L3 programming layer <2024-08-30>
 ***********


LaTeX Warning: There were multiply-defined labels.

Package rerunfilecheck Info: File `main-DS1.out' has not changed.
(rerunfilecheck)             Checksum: 086919F649DEC6C8C601B462D4C8B442;10145.
 )
(\end occurred inside a group at level 2)

### simple group (level 2) entered at line 1883 ({)
### simple group (level 1) entered at line 935 ({)
### bottom level 
Here is how much of TeX's memory you used:
 28990 strings out of 473899
 526955 string characters out of 5727915
 926643 words of memory out of 5000000
 49748 multiletter control sequences out of 15000+600000
 669711 words of font info for 204 fonts, out of 8000000 for 9000
 1154 hyphenation exceptions out of 8191
 87i,22n,107p,947b,860s stack positions out of 10000i,1000n,20000p,200000b,200000s
 <C:\Users\DM\AppData\Local\MiKTeX\fonts/pk/ljfour/public/wasy/
dpi657\wasy10.pk><C:/Users/DM/AppData/Local/Programs/MiKTeX/fonts/type1/public/
inconsolata/Inconsolata-zi4r.pfb><C:/Users/DM/AppData/Local/Programs/MiKTeX/fon
ts/type1/public/amsfonts/cm/cmex10.pfb><C:/Users/DM/AppData/Local/Programs/MiKT
eX/fonts/type1/public/amsfonts/cm/cmmi10.pfb><C:/Users/DM/AppData/Local/Program
s/MiKTeX/fonts/type1/public/amsfonts/cm/cmr10.pfb><C:/Users/DM/AppData/Local/Pr
ograms/MiKTeX/fonts/type1/public/amsfonts/cm/cmsy10.pfb><C:/Users/DM/AppData/Lo
cal/Programs/MiKTeX/fonts/type1/public/amsfonts/cm/cmtt10.pfb><C:/Users/DM/AppD
ata/Local/Programs/MiKTeX/fonts/type1/public/amsfonts/latxfont/line10.pfb><C:/U
sers/DM/AppData/Local/Programs/MiKTeX/fonts/type1/public/amsfonts/symbols/msam1
0.pfb><C:/Users/DM/AppData/Local/Programs/MiKTeX/fonts/type1/public/amsfonts/sy
mbols/msbm10.pfb><C:/Users/DM/AppData/Local/Programs/MiKTeX/fonts/type1/public/
rsfs/rsfs10.pfb><C:/Users/DM/AppData/Local/Programs/MiKTeX/fonts/type1/public/h
oekwater/stmary10.pfb><C:/Users/DM/AppData/Local/Programs/MiKTeX/fonts/type1/ur
w/helvetic/uhvb8a.pfb><C:/Users/DM/AppData/Local/Programs/MiKTeX/fonts/type1/ur
w/helvetic/uhvr8a.pfb><C:/Users/DM/AppData/Local/Programs/MiKTeX/fonts/type1/ur
w/symbol/usyr.pfb><C:/Users/DM/AppData/Local/Programs/MiKTeX/fonts/type1/urw/sy
mbol/usyr.pfb><C:/Users/DM/AppData/Local/Programs/MiKTeX/fonts/type1/urw/times/
utmb8a.pfb><C:/Users/DM/AppData/Local/Programs/MiKTeX/fonts/type1/urw/times/utm
b8a.pfb><C:/Users/DM/AppData/Local/Programs/MiKTeX/fonts/type1/urw/times/utmbi8
a.pfb><C:/Users/DM/AppData/Local/Programs/MiKTeX/fonts/type1/urw/times/utmr8a.p
fb><C:/Users/DM/AppData/Local/Programs/MiKTeX/fonts/type1/urw/times/utmr8a.pfb>
<C:/Users/DM/AppData/Local/Programs/MiKTeX/fonts/type1/urw/times/utmri8a.pfb><C
:/Users/DM/AppData/Local/Programs/MiKTeX/fonts/type1/urw/zapfding/uzdr.pfb>
Output written on main-DS1.pdf (262 pages, 1523796 bytes).
PDF statistics:
 2945 PDF objects out of 2984 (max. 8388607)
 1232 named destinations out of 1440 (max. 500000)
 544 words of extra memory for PDF output out of 10000 (max. 10000000)

